Archive member included to satisfy reference by file (symbol)

libopencm3/lib/libopencm3_stm32f1.a(adc.o)
                              obj/anain.o (adc_power_on)
libopencm3/lib/libopencm3_stm32f1.a(adc_common_v1.o)
                              obj/anain.o (adc_power_off)
libopencm3/lib/libopencm3_stm32f1.a(can.o)
                              obj/stm32_can.o (can_reset)
libopencm3/lib/libopencm3_stm32f1.a(crc_common_all.o)
                              obj/hwinit.o (crc_reset)
libopencm3/lib/libopencm3_stm32f1.a(dma_common_l1f013.o)
                              obj/hwinit.o (dma_channel_reset)
libopencm3/lib/libopencm3_stm32f1.a(flash.o)
                              obj/hwinit.o (flash_erase_page)
libopencm3/lib/libopencm3_stm32f1.a(flash_common_all.o)
                              obj/stm32_can.o (flash_set_ws)
libopencm3/lib/libopencm3_stm32f1.a(flash_common_f.o)
                              obj/hwinit.o (flash_unlock)
libopencm3/lib/libopencm3_stm32f1.a(flash_common_f01.o)
                              libopencm3/lib/libopencm3_stm32f1.a(flash.o) (flash_clear_pgerr_flag)
libopencm3/lib/libopencm3_stm32f1.a(gpio.o)
                              obj/hwinit.o (gpio_set_mode)
libopencm3/lib/libopencm3_stm32f1.a(gpio_common_all.o)
                              obj/digio.o (gpio_set)
libopencm3/lib/libopencm3_stm32f1.a(iwdg_common_all.o)
                              obj/main.o (iwdg_reset)
libopencm3/lib/libopencm3_stm32f1.a(rcc.o)
                              obj/hwinit.o (rcc_clock_setup_in_hse_8mhz_out_72mhz)
libopencm3/lib/libopencm3_stm32f1.a(rcc_common_all.o)
                              obj/hwinit.o (rcc_periph_clock_enable)
libopencm3/lib/libopencm3_stm32f1.a(rtc.o)
                              obj/main.o (rtc_get_counter_val)
libopencm3/lib/libopencm3_stm32f1.a(timer_common_all.o)
                              obj/stm32scheduler.o (timer_enable_irq)
libopencm3/lib/libopencm3_stm32f1.a(usart_common_all.o)
                              obj/hwinit.o (usart_set_baudrate)
libopencm3/lib/libopencm3_stm32f1.a(usart_common_f124.o)
                              libopencm3/lib/libopencm3_stm32f1.a(usart_common_all.o) (usart_send)
libopencm3/lib/libopencm3_stm32f1.a(vector.o)
                              (reset_handler)
libopencm3/lib/libopencm3_stm32f1.a(scb.o)
                              obj/terminal_prj.o (scb_reset_system)
libopencm3/lib/libopencm3_stm32f1.a(nvic.o)
                              obj/hwinit.o (nvic_enable_irq)
libopencm3/lib/libopencm3_stm32f1.a(assert.o)
                              libopencm3/lib/libopencm3_stm32f1.a(rcc.o) (cm3_assert_failed)
libopencm3/lib/libopencm3_stm32f1.a(desig_common_v1.o)
                              libopencm3/lib/libopencm3_stm32f1.a(flash.o) (desig_get_flash_size)
libopencm3/lib/libopencm3_stm32f1.a(pwr_common_v1.o)
                              libopencm3/lib/libopencm3_stm32f1.a(rtc.o) (pwr_disable_backup_domain_write_protect)

Discarded input sections

 .text          0x0000000000000000        0x0 obj/main.o
 .data          0x0000000000000000        0x0 obj/main.o
 .bss           0x0000000000000000        0x0 obj/main.o
 .text          0x0000000000000000        0x0 obj/hwinit.o
 .data          0x0000000000000000        0x0 obj/hwinit.o
 .bss           0x0000000000000000        0x0 obj/hwinit.o
 .text          0x0000000000000000        0x0 obj/stm32scheduler.o
 .data          0x0000000000000000        0x0 obj/stm32scheduler.o
 .bss           0x0000000000000000        0x0 obj/stm32scheduler.o
 .text          0x0000000000000000        0x0 obj/params.o
 .data          0x0000000000000000        0x0 obj/params.o
 .bss           0x0000000000000000        0x0 obj/params.o
 .text._ZN5Param7GetBoolENS_9PARAM_NUME
                0x0000000000000000       0x14 obj/params.o
 .text          0x0000000000000000        0x0 obj/terminal.o
 .data          0x0000000000000000        0x0 obj/terminal.o
 .bss           0x0000000000000000        0x0 obj/terminal.o
 .text          0x0000000000000000        0x0 obj/terminal_prj.o
 .data          0x0000000000000000        0x0 obj/terminal_prj.o
 .bss           0x0000000000000000        0x0 obj/terminal_prj.o
 .text          0x0000000000000000        0x0 obj/my_string.o
 .data          0x0000000000000000        0x0 obj/my_string.o
 .bss           0x0000000000000000        0x0 obj/my_string.o
 .text.my_strcat
                0x0000000000000000       0x10 obj/my_string.o
 .text          0x0000000000000000        0x0 obj/digio.o
 .data          0x0000000000000000        0x0 obj/digio.o
 .bss           0x0000000000000000        0x0 obj/digio.o
 .text          0x0000000000000000        0x0 obj/sine_core.o
 .data          0x0000000000000000        0x0 obj/sine_core.o
 .bss           0x0000000000000000        0x0 obj/sine_core.o
 .text._ZN8SineCore4SineEt
                0x0000000000000000       0x10 obj/sine_core.o
 .text._ZN8SineCore6CosineEt
                0x0000000000000000       0x14 obj/sine_core.o
[...]
Memory Configuration

Name             Origin             Length             Attributes
rom              0x0000000008001000 0x000000000001e000 xr
ram              0x0000000020000000 0x0000000000005000 xrw
*default*        0x0000000000000000 0xffffffffffffffff

Linker script and memory map

LOAD obj/main.o
LOAD obj/hwinit.o
LOAD obj/stm32scheduler.o
LOAD obj/params.o
LOAD obj/terminal.o
LOAD obj/terminal_prj.o
LOAD obj/my_string.o
LOAD obj/digio.o
LOAD obj/sine_core.o
LOAD obj/my_fp.o
LOAD obj/printf.o
LOAD obj/anain.o
LOAD obj/param_save.o
LOAD obj/errormessage.o
LOAD obj/stm32_can.o
LOAD obj/picontroller.o
LOAD libopencm3/lib/libopencm3_stm32f1.a
START GROUP
LOAD /usr/lib/gcc/arm-none-eabi/6.3.1/libgcc.a
LOAD /usr/lib/gcc/arm-none-eabi/6.3.1/../../../arm-none-eabi/lib/libc.a
END GROUP

.text           0x0000000008001000     0x39c8
 *(.vectors)
 .vectors       0x0000000008001000      0x150 libopencm3/lib/libopencm3_stm32f1.a(vector.o)
                0x0000000008001000                vector_table
 *(.text*)
 .text._ZL8Ms10Taskv
                0x0000000008001150       0x50 obj/main.o
 .text._ZL9Ms100Taskv
                0x00000000080011a0       0x48 obj/main.o
 .text._Z8can_sendv
                0x00000000080011e8       0x4c obj/main.o
                0x00000000080011e8                can_send()
 .text._ZL9Ms500Taskv
                0x0000000008001234        0x4 obj/main.o
 .text._Z11parm_ChangeN5Param9PARAM_NUME
                0x0000000008001238        0x2 obj/main.o
                0x0000000008001238                parm_Change(Param::PARAM_NUM)
 *fill*         0x000000000800123a        0x2 
 .text.tim3_isr
                0x000000000800123c        0xc obj/main.o
                0x000000000800123c                tim3_isr
 .text.startup.main
                0x0000000008001248       0xf8 obj/main.o
                0x0000000008001248                main
 .text.clock_setup
                0x0000000008001340       0x80 obj/hwinit.o
                0x0000000008001340                clock_setup
 .text.write_bootloader_pininit
                0x00000000080013c0       0x8c obj/hwinit.o
                0x00000000080013c0                write_bootloader_pininit
 .text.usart_setup
                0x000000000800144c       0xdc obj/hwinit.o
                0x000000000800144c                usart_setup
 .text.nvic_setup
                0x0000000008001528       0x22 obj/hwinit.o
                0x0000000008001528                nvic_setup
 .text.rtc_setup
                0x000000000800154a       0x16 obj/hwinit.o
                0x000000000800154a                rtc_setup
 .text.tim_setup
                0x0000000008001560       0xdc obj/hwinit.o
                0x0000000008001560                tim_setup
 .text._ZN14Stm32Scheduler6nofuncEv
                0x000000000800163c        0x2 obj/stm32scheduler.o
                0x000000000800163c                Stm32Scheduler::nofunc()
 *fill*         0x000000000800163e        0x2 
 .text._ZN14Stm32SchedulerC2Em
                0x0000000008001640       0x4c obj/stm32scheduler.o
                0x0000000008001640                Stm32Scheduler::Stm32Scheduler(unsigned long)
                0x0000000008001640                Stm32Scheduler::Stm32Scheduler(unsigned long)
 .text._ZN14Stm32Scheduler7AddTaskEPFvvEt
                0x000000000800168c       0x6c obj/stm32scheduler.o
                0x000000000800168c                Stm32Scheduler::AddTask(void (*)(), unsigned short)
 .text._ZN14Stm32Scheduler3RunEv
                0x00000000080016f8       0x5c obj/stm32scheduler.o
                0x00000000080016f8                Stm32Scheduler::Run()
 .text._ZN14Stm32Scheduler10GetCpuLoadEv
                0x0000000008001754       0x24 obj/stm32scheduler.o
                0x0000000008001754                Stm32Scheduler::GetCpuLoad()
 .text._ZN5Param3SetENS_9PARAM_NUMEl
                0x0000000008001778       0x30 obj/params.o
                0x0000000008001778                Param::Set(Param::PARAM_NUM, long)
 .text._ZN5Param3GetENS_9PARAM_NUME
                0x00000000080017a8        0xc obj/params.o
                0x00000000080017a8                Param::Get(Param::PARAM_NUM)
 .text._ZN5Param6GetIntENS_9PARAM_NUME
                0x00000000080017b4       0x10 obj/params.o
                0x00000000080017b4                Param::GetInt(Param::PARAM_NUM)
 .text._ZN5Param6SetIntENS_9PARAM_NUMEi
                0x00000000080017c4       0x10 obj/params.o
                0x00000000080017c4                Param::SetInt(Param::PARAM_NUM, int)
 .text._ZN5Param6SetFltENS_9PARAM_NUMEl
                0x00000000080017d4        0xc obj/params.o
                0x00000000080017d4                Param::SetFlt(Param::PARAM_NUM, long)
 .text._ZN5Param13NumFromStringEPKc
                0x00000000080017e0       0x2c obj/params.o
                0x00000000080017e0                Param::NumFromString(char const*)
 .text._ZN5Param9NumFromIdEm
                0x000000000800180c       0x24 obj/params.o
                0x000000000800180c                Param::NumFromId(unsigned long)
 .text._ZN5Param9GetAttribENS_9PARAM_NUME
                0x0000000008001830       0x10 obj/params.o
                0x0000000008001830                Param::GetAttrib(Param::PARAM_NUM)
 .text._ZN5Param7IsParamENS_9PARAM_NUME
                0x0000000008001840       0x18 obj/params.o
                0x0000000008001840                Param::IsParam(Param::PARAM_NUM)
 .text._ZN5Param12LoadDefaultsEv
                0x0000000008001858       0x28 obj/params.o
                0x0000000008001858                Param::LoadDefaults()
 .text._ZN5Param11SetFlagsRawENS_9PARAM_NUMEh
                0x0000000008001880        0xc obj/params.o
                0x0000000008001880                Param::SetFlagsRaw(Param::PARAM_NUM, unsigned char)
 .text._ZN5Param7SetFlagENS_9PARAM_NUMENS_10PARAM_FLAGE
                0x000000000800188c       0x10 obj/params.o
                0x000000000800188c                Param::SetFlag(Param::PARAM_NUM, Param::PARAM_FLAG)
 .text._ZN5Param9ClearFlagENS_9PARAM_NUMENS_10PARAM_FLAGE
                0x000000000800189c       0x10 obj/params.o
                0x000000000800189c                Param::ClearFlag(Param::PARAM_NUM, Param::PARAM_FLAG)
 .text._ZN5Param7GetFlagENS_9PARAM_NUME
                0x00000000080018ac        0xc obj/params.o
                0x00000000080018ac                Param::GetFlag(Param::PARAM_NUM)
 .text.startup._GLOBAL__sub_I__ZN5Param3SetENS_9PARAM_NUMEl
                0x00000000080018b8       0x14 obj/params.o
 .text.ResetDMA
                0x00000000080018cc       0x34 obj/terminal.o
 .text.term_Init
                0x0000000008001900        0x4 obj/terminal.o
                0x0000000008001900                term_Init
 .text.term_Run
                0x0000000008001904      0x104 obj/terminal.o
                0x0000000008001904                term_Run
 .text.putchar  0x0000000008001a08       0xa4 obj/terminal.o
                0x0000000008001a08                putchar
 .text._ZL4HelpPc
                0x0000000008001aac        0x2 obj/terminal_prj.o
 *fill*         0x0000000008001aae        0x2 
 .text._ZL11PrintSerialPc
                0x0000000008001ab0       0x1c obj/terminal_prj.o
 .text._ZL8FastUartPc
                0x0000000008001acc       0x3c obj/terminal_prj.o
 .text._ZL5ResetPc
                0x0000000008001b08        0x6 obj/terminal_prj.o
 .text._ZL11PrintErrorsPc
                0x0000000008001b0e        0x4 obj/terminal_prj.o
 *fill*         0x0000000008001b12        0x2 
 .text._ZL6MapCanPc
                0x0000000008001b14      0x19c obj/terminal_prj.o
 .text._ZL11PrintCanMapN5Param9PARAM_NUMEiiilb
                0x0000000008001cb0       0x54 obj/terminal_prj.o
 .text._ZL8ParamGetPc
                0x0000000008001d04       0x54 obj/terminal_prj.o
 .text._ZL15PrintParamsJsonPc
                0x0000000008001d58       0xf0 obj/terminal_prj.o
 .text._ZL14SaveParametersPc
                0x0000000008001e48       0x2c obj/terminal_prj.o
 .text._ZL12LoadDefaultsPc
                0x0000000008001e74       0x14 obj/terminal_prj.o
 .text._ZL11ParamStreamPc
                0x0000000008001e88       0xec obj/terminal_prj.o
 .text._ZL9ParamFlagPc
                0x0000000008001f74       0x8c obj/terminal_prj.o
 .text._ZL8ParamSetPc
                0x0000000008002000       0x60 obj/terminal_prj.o
 .text._ZL14LoadParametersPc
                0x0000000008002060       0x24 obj/terminal_prj.o
 .text.my_strcmp
                0x0000000008002084       0x20 obj/my_string.o
                0x0000000008002084                my_strcmp
 .text.my_strcpy
                0x00000000080020a4       0x12 obj/my_string.o
                0x00000000080020a4                my_strcpy
 .text.my_strlen
                0x00000000080020b6       0x10 obj/my_string.o
                0x00000000080020b6                my_strlen
 .text.my_strchr
                0x00000000080020c6       0x10 obj/my_string.o
                0x00000000080020c6                my_strchr
 .text.my_ltoa  0x00000000080020d6       0x5e obj/my_string.o
                0x00000000080020d6                my_ltoa
 .text.my_atoi  0x0000000008002134       0x32 obj/my_string.o
                0x0000000008002134                my_atoi
 *fill*         0x0000000008002166        0x2 
 .text.my_trim  0x0000000008002168       0x54 obj/my_string.o
                0x0000000008002168                my_trim
 .text.memcpy32
                0x00000000080021bc       0x14 obj/my_string.o
                0x00000000080021bc                memcpy32
 .text.memset32
                0x00000000080021d0        0xe obj/my_string.o
                0x00000000080021d0                memset32
 *fill*         0x00000000080021de        0x2 
 .text._ZN5DigIo9ConfigureEmtN7PinMode7PinModeE
                0x00000000080021e0       0x4c obj/digio.o
                0x00000000080021e0                DigIo::Configure(unsigned long, unsigned short, PinMode::PinMode)
 .text.startup._GLOBAL__sub_I__ZN8SineCore8minPulseE
                0x000000000800222c       0x10 obj/sine_core.o
 .text.fp_itoa  0x000000000800223c       0x5a obj/my_fp.o
                0x000000000800223c                fp_itoa
 .text.fp_atoi  0x0000000008002296       0x60 obj/my_fp.o
                0x0000000008002296                fp_atoi
 .text.printchar
                0x00000000080022f6       0x14 obj/printf.o
 .text.prints   0x000000000800230a       0x84 obj/printf.o
 .text.printi   0x000000000800238e       0x94 obj/printf.o
 *fill*         0x0000000008002422        0x2 
 .text.print    0x0000000008002424      0x120 obj/printf.o
 .text.printf   0x0000000008002544       0x1c obj/printf.o
                0x0000000008002544                printf
 .text._ZN5AnaIn5StartEv
                0x0000000008002560       0xd0 obj/anain.o
                0x0000000008002560                AnaIn::Start()
 .text._ZN5AnaIn7median3Eiii
                0x0000000008002630       0x1c obj/anain.o
                0x0000000008002630                AnaIn::median3(int, int, int)
 .text._ZN5AnaIn3GetEv
                0x000000000800264c       0x44 obj/anain.o
                0x000000000800264c                AnaIn::Get()
 .text._ZN5AnaIn13AdcChFromPortEmi
                0x0000000008002690       0x3c obj/anain.o
                0x0000000008002690                AnaIn::AdcChFromPort(unsigned long, int)
 .text._ZN5AnaIn9ConfigureEmh
                0x00000000080026cc       0x38 obj/anain.o
                0x00000000080026cc                AnaIn::Configure(unsigned long, unsigned char)
 .text.startup._GLOBAL__sub_I__ZN5AnaIn13channel_arrayE
                0x0000000008002704       0x10 obj/anain.o
 .text.parm_save
                0x0000000008002714       0x98 obj/param_save.o
                0x0000000008002714                parm_save
 .text.parm_load
                0x00000000080027ac       0x58 obj/param_save.o
                0x00000000080027ac                parm_load
 .text._ZN12ErrorMessage7SetTimeEm
                0x0000000008002804        0xc obj/errormessage.o
                0x0000000008002804                ErrorMessage::SetTime(unsigned long)
 .text._ZN12ErrorMessage4PostE17ERROR_MESSAGE_NUM
                0x0000000008002810       0x44 obj/errormessage.o
                0x0000000008002810                ErrorMessage::Post(ERROR_MESSAGE_NUM)
 .text._ZN12ErrorMessage10PrintErrorEm17ERROR_MESSAGE_NUM
                0x0000000008002854       0x2c obj/errormessage.o
                0x0000000008002854                ErrorMessage::PrintError(unsigned long, ERROR_MESSAGE_NUM)
 .text._ZN12ErrorMessage14PrintAllErrorsEv
                0x0000000008002880       0x30 obj/errormessage.o
                0x0000000008002880                ErrorMessage::PrintAllErrors()
 .text._ZL13DummyCallbackmPm
                0x00000000080028b0        0x2 obj/stm32_can.o
 .text._ZN3Can7FindMapEN5Param9PARAM_NUMERiS2_S2_RlRb
                0x00000000080028b2       0x7c obj/stm32_can.o
                0x00000000080028b2                Can::FindMap(Param::PARAM_NUM, int&, int&, int&, long&, bool&)
 *fill*         0x000000000800292e        0x2 
 .text._ZN3Can11SetBaudrateENS_9baudratesE
                0x0000000008002930       0x3c obj/stm32_can.o
                0x0000000008002930                Can::SetBaudrate(Can::baudrates)
 .text._ZN3Can4SendEmPm
                0x000000000800296c       0x6c obj/stm32_can.o
                0x000000000800296c                Can::Send(unsigned long, unsigned long*)
 .text._ZN3Can7SendAllEv
                0x00000000080029d8       0x86 obj/stm32_can.o
                0x00000000080029d8                Can::SendAll()
 .text._ZN3Can13IterateCanMapEPFvN5Param9PARAM_NUMEiiilbE
                0x0000000008002a5e       0x66 obj/stm32_can.o
                0x0000000008002a5e                Can::IterateCanMap(void (*)(Param::PARAM_NUM, int, int, int, long, bool))
 .text._ZN3Can12GetInterfaceEi
                0x0000000008002ac4       0x14 obj/stm32_can.o
                0x0000000008002ac4                Can::GetInterface(int)
 .text._ZN3Can8HandleTxEv
                0x0000000008002ad8       0x5a obj/stm32_can.o
                0x0000000008002ad8                Can::HandleTx()
 .text._ZN3Can13SetFilterBankERiS0_Pt
                0x0000000008002b32       0x48 obj/stm32_can.o
                0x0000000008002b32                Can::SetFilterBank(int&, int&, unsigned short*)
 *fill*         0x0000000008002b7a        0x2 
 .text._ZN3Can16ConfigureFiltersEv
                0x0000000008002b7c       0xc4 obj/stm32_can.o
                0x0000000008002b7c                Can::ConfigureFilters()
 .text._ZN3Can8ClearMapEPNS_8CANIDMAPE
                0x0000000008002c40       0x26 obj/stm32_can.o
                0x0000000008002c40                Can::ClearMap(Can::CANIDMAP*)
 .text._ZN3Can5ClearEv
                0x0000000008002c66       0x1e obj/stm32_can.o
                0x0000000008002c66                Can::Clear()
 .text._ZN3Can8FindByIdEPNS_8CANIDMAPEi
                0x0000000008002c84       0x18 obj/stm32_can.o
                0x0000000008002c84                Can::FindById(Can::CANIDMAP*, int)
 .text._ZN3Can3AddEPNS_8CANIDMAPEN5Param9PARAM_NUMEiiis
                0x0000000008002c9c       0x98 obj/stm32_can.o
                0x0000000008002c9c                Can::Add(Can::CANIDMAP*, Param::PARAM_NUM, int, int, int, short)
 .text._ZN3Can7AddSendEN5Param9PARAM_NUMEiiis
                0x0000000008002d34       0x1c obj/stm32_can.o
                0x0000000008002d34                Can::AddSend(Param::PARAM_NUM, int, int, int, short)
 .text._ZN3Can7AddRecvEN5Param9PARAM_NUMEiiis
                0x0000000008002d50       0x2c obj/stm32_can.o
                0x0000000008002d50                Can::AddRecv(Param::PARAM_NUM, int, int, int, short)
 .text._ZN3Can10ProcessSDOEPm
                0x0000000008002d7c       0xac obj/stm32_can.o
                0x0000000008002d7c                Can::ProcessSDO(unsigned long*)
 .text._ZN3Can8HandleRxEi
                0x0000000008002e28       0xfa obj/stm32_can.o
                0x0000000008002e28                Can::HandleRx(int)
 .text._ZN3Can11SaveToFlashEmPmi
                0x0000000008002f22       0x2e obj/stm32_can.o
                0x0000000008002f22                Can::SaveToFlash(unsigned long, unsigned long*, int)
 .text._ZN3Can15CopyIdMapExceptEPNS_8CANIDMAPES1_N5Param9PARAM_NUME
                0x0000000008002f50       0x9e obj/stm32_can.o
                0x0000000008002f50                Can::CopyIdMapExcept(Can::CANIDMAP*, Can::CANIDMAP*, Param::PARAM_NUM)
 .text._ZN3Can13RemoveFromMapEPNS_8CANIDMAPEN5Param9PARAM_NUME
                0x0000000008002fee       0x38 obj/stm32_can.o
                0x0000000008002fee                Can::RemoveFromMap(Can::CANIDMAP*, Param::PARAM_NUM)
 .text._ZN3Can6RemoveEN5Param9PARAM_NUME
                0x0000000008003026       0x20 obj/stm32_can.o
                0x0000000008003026                Can::Remove(Param::PARAM_NUM)
 .text._ZN3Can21ReplaceParamEnumByUidEPNS_8CANIDMAPE
                0x0000000008003046       0x44 obj/stm32_can.o
                0x0000000008003046                Can::ReplaceParamEnumByUid(Can::CANIDMAP*)
 .text._ZN3Can21ReplaceParamUidByEnumEPNS_8CANIDMAPE
                0x000000000800308a       0x42 obj/stm32_can.o
                0x000000000800308a                Can::ReplaceParamUidByEnum(Can::CANIDMAP*)
 .text._ZN3Can4SaveEv
                0x00000000080030cc       0x7c obj/stm32_can.o
                0x00000000080030cc                Can::Save()
 .text._ZN3Can13LoadFromFlashEv
                0x0000000008003148       0x54 obj/stm32_can.o
                0x0000000008003148                Can::LoadFromFlash()
 .text._ZN3CanC2EmNS_9baudratesE
                0x000000000800319c      0x128 obj/stm32_can.o
                0x000000000800319c                Can::Can(unsigned long, Can::baudrates)
                0x000000000800319c                Can::Can(unsigned long, Can::baudrates)
 .text.usb_lp_can_rx0_isr
                0x00000000080032c4       0x10 obj/stm32_can.o
                0x00000000080032c4                usb_lp_can_rx0_isr
 .text.can_rx1_isr
                0x00000000080032d4       0x10 obj/stm32_can.o
                0x00000000080032d4                can_rx1_isr
 .text.usb_hp_can_tx_isr
                0x00000000080032e4        0xc obj/stm32_can.o
                0x00000000080032e4                usb_hp_can_tx_isr
 .text.can2_rx0_isr
                0x00000000080032f0       0x10 obj/stm32_can.o
                0x00000000080032f0                can2_rx0_isr
 .text.can2_rx1_isr
                0x0000000008003300       0x10 obj/stm32_can.o
                0x0000000008003300                can2_rx1_isr
 .text.can2_tx_isr
                0x0000000008003310        0xc obj/stm32_can.o
                0x0000000008003310                can2_tx_isr
 .text.adc_power_on
                0x000000000800331c       0x10 libopencm3/lib/libopencm3_stm32f1.a(adc.o)
                0x000000000800331c                adc_power_on
 .text.adc_start_conversion_direct
                0x000000000800332c       0x10 libopencm3/lib/libopencm3_stm32f1.a(adc.o)
                0x000000000800332c                adc_start_conversion_direct
 .text.adc_reset_calibration
                0x000000000800333c       0x14 libopencm3/lib/libopencm3_stm32f1.a(adc.o)
                0x000000000800333c                adc_reset_calibration
 .text.adc_calibrate_async
                0x0000000008003350        0xa libopencm3/lib/libopencm3_stm32f1.a(adc.o)
                0x0000000008003350                adc_calibrate_async
 .text.adc_is_calibrating
                0x000000000800335a        0x8 libopencm3/lib/libopencm3_stm32f1.a(adc.o)
                0x000000000800335a                adc_is_calibrating
 .text.adc_calibrate
                0x0000000008003362       0x14 libopencm3/lib/libopencm3_stm32f1.a(adc.o)
                0x0000000008003362                adc_calibrate
 .text.adc_set_sample_time_on_all_channels
                0x0000000008003376       0x2a libopencm3/lib/libopencm3_stm32f1.a(adc.o)
                0x0000000008003376                adc_set_sample_time_on_all_channels
 .text.adc_power_off
                0x00000000080033a0        0xa libopencm3/lib/libopencm3_stm32f1.a(adc_common_v1.o)
                0x00000000080033a0                adc_power_off
 .text.adc_enable_scan_mode
                0x00000000080033aa        0xa libopencm3/lib/libopencm3_stm32f1.a(adc_common_v1.o)
                0x00000000080033aa                adc_enable_scan_mode
 .text.adc_set_right_aligned
                0x00000000080033b4        0xa libopencm3/lib/libopencm3_stm32f1.a(adc_common_v1.o)
                0x00000000080033b4                adc_set_right_aligned
 .text.adc_set_continuous_conversion_mode
                0x00000000080033be        0xa libopencm3/lib/libopencm3_stm32f1.a(adc_common_v1.o)
                0x00000000080033be                adc_set_continuous_conversion_mode
 .text.adc_set_regular_sequence
                0x00000000080033c8       0x78 libopencm3/lib/libopencm3_stm32f1.a(adc_common_v1.o)
                0x00000000080033c8                adc_set_regular_sequence
 .text.adc_start_conversion_regular
                0x0000000008003440       0x14 libopencm3/lib/libopencm3_stm32f1.a(adc_common_v1.o)
                0x0000000008003440                adc_start_conversion_regular
 .text.adc_enable_dma
                0x0000000008003454        0xa libopencm3/lib/libopencm3_stm32f1.a(adc_common_v1.o)
                0x0000000008003454                adc_enable_dma
 *fill*         0x000000000800345e        0x2 
 .text.can_reset
                0x0000000008003460       0x18 libopencm3/lib/libopencm3_stm32f1.a(can.o)
                0x0000000008003460                can_reset
 .text.can_init
                0x0000000008003478      0x130 libopencm3/lib/libopencm3_stm32f1.a(can.o)
                0x0000000008003478                can_init
 .text.can_filter_init
                0x00000000080035a8       0x98 libopencm3/lib/libopencm3_stm32f1.a(can.o)
                0x00000000080035a8                can_filter_init
 .text.can_filter_id_list_16bit_init
                0x0000000008003640       0x20 libopencm3/lib/libopencm3_stm32f1.a(can.o)
                0x0000000008003640                can_filter_id_list_16bit_init
 .text.can_enable_irq
                0x0000000008003660        0x8 libopencm3/lib/libopencm3_stm32f1.a(can.o)
                0x0000000008003660                can_enable_irq
 .text.can_disable_irq
                0x0000000008003668        0xa libopencm3/lib/libopencm3_stm32f1.a(can.o)
                0x0000000008003668                can_disable_irq
 .text.can_transmit
                0x0000000008003672       0xc6 libopencm3/lib/libopencm3_stm32f1.a(can.o)
                0x0000000008003672                can_transmit
 .text.can_fifo_release
                0x0000000008003738       0x16 libopencm3/lib/libopencm3_stm32f1.a(can.o)
                0x0000000008003738                can_fifo_release
 .text.can_fifo_pending
                0x000000000800374e        0xe libopencm3/lib/libopencm3_stm32f1.a(can.o)
                0x000000000800374e                can_fifo_pending
 .text.can_receive
                0x000000000800375c       0xcc libopencm3/lib/libopencm3_stm32f1.a(can.o)
                0x000000000800375c                can_receive
 .text.crc_reset
                0x0000000008003828       0x10 libopencm3/lib/libopencm3_stm32f1.a(crc_common_all.o)
                0x0000000008003828                crc_reset
 .text.crc_calculate
                0x0000000008003838        0xc libopencm3/lib/libopencm3_stm32f1.a(crc_common_all.o)
                0x0000000008003838                crc_calculate
 .text.crc_calculate_block
                0x0000000008003844       0x1c libopencm3/lib/libopencm3_stm32f1.a(crc_common_all.o)
                0x0000000008003844                crc_calculate_block
 .text.dma_channel_reset
                0x0000000008003860       0x20 libopencm3/lib/libopencm3_stm32f1.a(dma_common_l1f013.o)
                0x0000000008003860                dma_channel_reset
 .text.dma_clear_interrupt_flags
                0x0000000008003880        0xc libopencm3/lib/libopencm3_stm32f1.a(dma_common_l1f013.o)
                0x0000000008003880                dma_clear_interrupt_flags
 .text.dma_get_interrupt_flag
                0x000000000800388c       0x14 libopencm3/lib/libopencm3_stm32f1.a(dma_common_l1f013.o)
                0x000000000800388c                dma_get_interrupt_flag
 .text.dma_set_memory_size
                0x00000000080038a0       0x18 libopencm3/lib/libopencm3_stm32f1.a(dma_common_l1f013.o)
                0x00000000080038a0                dma_set_memory_size
 .text.dma_set_peripheral_size
                0x00000000080038b8       0x18 libopencm3/lib/libopencm3_stm32f1.a(dma_common_l1f013.o)
                0x00000000080038b8                dma_set_peripheral_size
 .text.dma_enable_memory_increment_mode
                0x00000000080038d0       0x12 libopencm3/lib/libopencm3_stm32f1.a(dma_common_l1f013.o)
                0x00000000080038d0                dma_enable_memory_increment_mode
 .text.dma_enable_circular_mode
                0x00000000080038e2       0x1a libopencm3/lib/libopencm3_stm32f1.a(dma_common_l1f013.o)
                0x00000000080038e2                dma_enable_circular_mode
 .text.dma_set_read_from_memory
                0x00000000080038fc       0x12 libopencm3/lib/libopencm3_stm32f1.a(dma_common_l1f013.o)
                0x00000000080038fc                dma_set_read_from_memory
 .text.dma_enable_channel
                0x000000000800390e       0x12 libopencm3/lib/libopencm3_stm32f1.a(dma_common_l1f013.o)
                0x000000000800390e                dma_enable_channel
 .text.dma_disable_channel
                0x0000000008003920       0x12 libopencm3/lib/libopencm3_stm32f1.a(dma_common_l1f013.o)
                0x0000000008003920                dma_disable_channel
 .text.dma_set_peripheral_address
                0x0000000008003932       0x12 libopencm3/lib/libopencm3_stm32f1.a(dma_common_l1f013.o)
                0x0000000008003932                dma_set_peripheral_address
 .text.dma_set_memory_address
                0x0000000008003944       0x12 libopencm3/lib/libopencm3_stm32f1.a(dma_common_l1f013.o)
                0x0000000008003944                dma_set_memory_address
 .text.dma_get_number_of_data
                0x0000000008003956        0xe libopencm3/lib/libopencm3_stm32f1.a(dma_common_l1f013.o)
                0x0000000008003956                dma_get_number_of_data
 .text.dma_set_number_of_data
                0x0000000008003964        0xc libopencm3/lib/libopencm3_stm32f1.a(dma_common_l1f013.o)
                0x0000000008003964                dma_set_number_of_data
 .text.flash_get_status_flags
                0x0000000008003970       0x24 libopencm3/lib/libopencm3_stm32f1.a(flash.o)
                0x0000000008003970                flash_get_status_flags
 .text.flash_program_half_word
                0x0000000008003994       0x5c libopencm3/lib/libopencm3_stm32f1.a(flash.o)
                0x0000000008003994                flash_program_half_word
 .text.flash_erase_page
                0x00000000080039f0       0x74 libopencm3/lib/libopencm3_stm32f1.a(flash.o)
                0x00000000080039f0                flash_erase_page
 .text.flash_set_ws
                0x0000000008003a64       0x14 libopencm3/lib/libopencm3_stm32f1.a(flash_common_all.o)
                0x0000000008003a64                flash_set_ws
 .text.flash_unlock
                0x0000000008003a78       0x18 libopencm3/lib/libopencm3_stm32f1.a(flash_common_f.o)
                0x0000000008003a78                flash_unlock
 .text.flash_lock
                0x0000000008003a90       0x10 libopencm3/lib/libopencm3_stm32f1.a(flash_common_f.o)
                0x0000000008003a90                flash_lock
 .text.flash_wait_for_last_operation
                0x0000000008003aa0        0xc libopencm3/lib/libopencm3_stm32f1.a(flash_common_f01.o)
                0x0000000008003aa0                flash_wait_for_last_operation
 .text.flash_program_word
                0x0000000008003aac       0x18 libopencm3/lib/libopencm3_stm32f1.a(flash_common_f01.o)
                0x0000000008003aac                flash_program_word
 .text.gpio_set_mode
                0x0000000008003ac4       0x62 libopencm3/lib/libopencm3_stm32f1.a(gpio.o)
                0x0000000008003ac4                gpio_set_mode
 .text.gpio_set
                0x0000000008003b26        0x4 libopencm3/lib/libopencm3_stm32f1.a(gpio_common_all.o)
                0x0000000008003b26                gpio_set
 .text.gpio_get
                0x0000000008003b2a        0x6 libopencm3/lib/libopencm3_stm32f1.a(gpio_common_all.o)
                0x0000000008003b2a                gpio_get
 .text.gpio_toggle
                0x0000000008003b30       0x12 libopencm3/lib/libopencm3_stm32f1.a(gpio_common_all.o)
                0x0000000008003b30                gpio_toggle
 *fill*         0x0000000008003b42        0x2 
 .text.iwdg_reset
                0x0000000008003b44       0x10 libopencm3/lib/libopencm3_stm32f1.a(iwdg_common_all.o)
                0x0000000008003b44                iwdg_reset
 .text.rcc_osc_on.part.1
                0x0000000008003b54       0x10 libopencm3/lib/libopencm3_stm32f1.a(rcc.o)
 .text.rcc_is_osc_ready
                0x0000000008003b64       0x5c libopencm3/lib/libopencm3_stm32f1.a(rcc.o)
                0x0000000008003b64                rcc_is_osc_ready
 .text.rcc_wait_for_osc_ready
                0x0000000008003bc0       0x10 libopencm3/lib/libopencm3_stm32f1.a(rcc.o)
                0x0000000008003bc0                rcc_wait_for_osc_ready
 .text.rcc_osc_on
                0x0000000008003bd0       0x54 libopencm3/lib/libopencm3_stm32f1.a(rcc.o)
                0x0000000008003bd0                rcc_osc_on
 .text.rcc_set_sysclk_source
                0x0000000008003c24       0x14 libopencm3/lib/libopencm3_stm32f1.a(rcc.o)
                0x0000000008003c24                rcc_set_sysclk_source
 .text.rcc_set_pll_multiplication_factor
                0x0000000008003c38       0x14 libopencm3/lib/libopencm3_stm32f1.a(rcc.o)
                0x0000000008003c38                rcc_set_pll_multiplication_factor
 .text.rcc_set_pll_source
                0x0000000008003c4c       0x14 libopencm3/lib/libopencm3_stm32f1.a(rcc.o)
                0x0000000008003c4c                rcc_set_pll_source
 .text.rcc_set_pllxtpre
                0x0000000008003c60       0x14 libopencm3/lib/libopencm3_stm32f1.a(rcc.o)
                0x0000000008003c60                rcc_set_pllxtpre
 .text.rcc_rtc_clock_enabled_flag
                0x0000000008003c74       0x10 libopencm3/lib/libopencm3_stm32f1.a(rcc.o)
                0x0000000008003c74                rcc_rtc_clock_enabled_flag
 .text.rcc_enable_rtc_clock
                0x0000000008003c84       0x10 libopencm3/lib/libopencm3_stm32f1.a(rcc.o)
                0x0000000008003c84                rcc_enable_rtc_clock
 .text.rcc_set_rtc_clock_source
                0x0000000008003c94       0x90 libopencm3/lib/libopencm3_stm32f1.a(rcc.o)
                0x0000000008003c94                rcc_set_rtc_clock_source
 .text.rcc_set_adcpre
                0x0000000008003d24       0x14 libopencm3/lib/libopencm3_stm32f1.a(rcc.o)
                0x0000000008003d24                rcc_set_adcpre
 .text.rcc_set_ppre2
                0x0000000008003d38       0x14 libopencm3/lib/libopencm3_stm32f1.a(rcc.o)
                0x0000000008003d38                rcc_set_ppre2
 .text.rcc_set_ppre1
                0x0000000008003d4c       0x14 libopencm3/lib/libopencm3_stm32f1.a(rcc.o)
                0x0000000008003d4c                rcc_set_ppre1
 .text.rcc_set_hpre
                0x0000000008003d60       0x14 libopencm3/lib/libopencm3_stm32f1.a(rcc.o)
                0x0000000008003d60                rcc_set_hpre
 .text.rcc_clock_setup_in_hse_8mhz_out_72mhz
                0x0000000008003d74       0x8c libopencm3/lib/libopencm3_stm32f1.a(rcc.o)
                0x0000000008003d74                rcc_clock_setup_in_hse_8mhz_out_72mhz
 .text.rcc_periph_clock_enable
                0x0000000008003e00       0x1a libopencm3/lib/libopencm3_stm32f1.a(rcc_common_all.o)
                0x0000000008003e00                rcc_periph_clock_enable
 .text.rcc_periph_reset_pulse
                0x0000000008003e1a       0x22 libopencm3/lib/libopencm3_stm32f1.a(rcc_common_all.o)
                0x0000000008003e1a                rcc_periph_reset_pulse
 .text.rtc_enter_config_mode
                0x0000000008003e3c       0x18 libopencm3/lib/libopencm3_stm32f1.a(rtc.o)
                0x0000000008003e3c                rtc_enter_config_mode
 .text.rtc_exit_config_mode
                0x0000000008003e54       0x18 libopencm3/lib/libopencm3_stm32f1.a(rtc.o)
                0x0000000008003e54                rtc_exit_config_mode
 .text.rtc_awake_from_off
                0x0000000008003e6c       0x68 libopencm3/lib/libopencm3_stm32f1.a(rtc.o)
                0x0000000008003e6c                rtc_awake_from_off
 .text.rtc_set_prescale_val
                0x0000000008003ed4       0x20 libopencm3/lib/libopencm3_stm32f1.a(rtc.o)
                0x0000000008003ed4                rtc_set_prescale_val
 .text.rtc_get_counter_val
                0x0000000008003ef4       0x14 libopencm3/lib/libopencm3_stm32f1.a(rtc.o)
                0x0000000008003ef4                rtc_get_counter_val
 .text.rtc_set_counter_val
                0x0000000008003f08       0x1c libopencm3/lib/libopencm3_stm32f1.a(rtc.o)
                0x0000000008003f08                rtc_set_counter_val
 .text.rtc_awake_from_standby
                0x0000000008003f24       0x34 libopencm3/lib/libopencm3_stm32f1.a(rtc.o)
                0x0000000008003f24                rtc_awake_from_standby
 .text.rtc_auto_awake
                0x0000000008003f58       0x34 libopencm3/lib/libopencm3_stm32f1.a(rtc.o)
                0x0000000008003f58                rtc_auto_awake
 .text.timer_enable_irq
                0x0000000008003f8c        0x8 libopencm3/lib/libopencm3_stm32f1.a(timer_common_all.o)
                0x0000000008003f8c                timer_enable_irq
 .text.timer_get_flag
                0x0000000008003f94        0xc libopencm3/lib/libopencm3_stm32f1.a(timer_common_all.o)
                0x0000000008003f94                timer_get_flag
 .text.timer_clear_flag
                0x0000000008003fa0        0x6 libopencm3/lib/libopencm3_stm32f1.a(timer_common_all.o)
                0x0000000008003fa0                timer_clear_flag
 .text.timer_enable_preload
                0x0000000008003fa6        0xa libopencm3/lib/libopencm3_stm32f1.a(timer_common_all.o)
                0x0000000008003fa6                timer_enable_preload
 .text.timer_set_alignment
                0x0000000008003fb0       0x14 libopencm3/lib/libopencm3_stm32f1.a(timer_common_all.o)
                0x0000000008003fb0                timer_set_alignment
 .text.timer_direction_up
                0x0000000008003fc4        0xa libopencm3/lib/libopencm3_stm32f1.a(timer_common_all.o)
                0x0000000008003fc4                timer_direction_up
 .text.timer_enable_counter
                0x0000000008003fce        0xa libopencm3/lib/libopencm3_stm32f1.a(timer_common_all.o)
                0x0000000008003fce                timer_enable_counter
 .text.timer_disable_counter
                0x0000000008003fd8        0xa libopencm3/lib/libopencm3_stm32f1.a(timer_common_all.o)
                0x0000000008003fd8                timer_disable_counter
 .text.timer_set_prescaler
                0x0000000008003fe2        0x4 libopencm3/lib/libopencm3_stm32f1.a(timer_common_all.o)
                0x0000000008003fe2                timer_set_prescaler
 .text.timer_set_period
                0x0000000008003fe6        0x4 libopencm3/lib/libopencm3_stm32f1.a(timer_common_all.o)
                0x0000000008003fe6                timer_set_period
 .text.timer_set_oc_mode
                0x0000000008003fea      0x18c libopencm3/lib/libopencm3_stm32f1.a(timer_common_all.o)
                0x0000000008003fea                timer_set_oc_mode
 .text.timer_enable_oc_preload
                0x0000000008004176       0x34 libopencm3/lib/libopencm3_stm32f1.a(timer_common_all.o)
                0x0000000008004176                timer_enable_oc_preload
 .text.timer_set_oc_polarity_high
                0x00000000080041aa       0x4a libopencm3/lib/libopencm3_stm32f1.a(timer_common_all.o)
                0x00000000080041aa                timer_set_oc_polarity_high
 .text.timer_enable_oc_output
                0x00000000080041f4       0x4a libopencm3/lib/libopencm3_stm32f1.a(timer_common_all.o)
                0x00000000080041f4                timer_enable_oc_output
 .text.timer_set_oc_value
                0x000000000800423e       0x20 libopencm3/lib/libopencm3_stm32f1.a(timer_common_all.o)
                0x000000000800423e                timer_set_oc_value
 .text.timer_generate_event
                0x000000000800425e        0x8 libopencm3/lib/libopencm3_stm32f1.a(timer_common_all.o)
                0x000000000800425e                timer_generate_event
 .text.timer_get_counter
                0x0000000008004266        0x4 libopencm3/lib/libopencm3_stm32f1.a(timer_common_all.o)
                0x0000000008004266                timer_get_counter
 .text.timer_set_counter
                0x000000000800426a        0x4 libopencm3/lib/libopencm3_stm32f1.a(timer_common_all.o)
                0x000000000800426a                timer_set_counter
 *fill*         0x000000000800426e        0x2 
 .text.usart_set_baudrate
                0x0000000008004270       0x28 libopencm3/lib/libopencm3_stm32f1.a(usart_common_all.o)
                0x0000000008004270                usart_set_baudrate
 .text.usart_set_databits
                0x0000000008004298       0x12 libopencm3/lib/libopencm3_stm32f1.a(usart_common_all.o)
                0x0000000008004298                usart_set_databits
 .text.usart_set_stopbits
                0x00000000080042aa        0xc libopencm3/lib/libopencm3_stm32f1.a(usart_common_all.o)
                0x00000000080042aa                usart_set_stopbits
 .text.usart_set_parity
                0x00000000080042b6        0xc libopencm3/lib/libopencm3_stm32f1.a(usart_common_all.o)
                0x00000000080042b6                usart_set_parity
 .text.usart_set_mode
                0x00000000080042c2        0xc libopencm3/lib/libopencm3_stm32f1.a(usart_common_all.o)
                0x00000000080042c2                usart_set_mode
 .text.usart_set_flow_control
                0x00000000080042ce        0xc libopencm3/lib/libopencm3_stm32f1.a(usart_common_all.o)
                0x00000000080042ce                usart_set_flow_control
 .text.usart_enable
                0x00000000080042da        0xa libopencm3/lib/libopencm3_stm32f1.a(usart_common_all.o)
                0x00000000080042da                usart_enable
 .text.usart_send_blocking
                0x00000000080042e4       0x16 libopencm3/lib/libopencm3_stm32f1.a(usart_common_all.o)
                0x00000000080042e4                usart_send_blocking
 .text.usart_enable_rx_dma
                0x00000000080042fa        0xa libopencm3/lib/libopencm3_stm32f1.a(usart_common_all.o)
                0x00000000080042fa                usart_enable_rx_dma
 .text.usart_enable_tx_dma
                0x0000000008004304        0xa libopencm3/lib/libopencm3_stm32f1.a(usart_common_all.o)
                0x0000000008004304                usart_enable_tx_dma
 .text.usart_send
                0x000000000800430e        0x8 libopencm3/lib/libopencm3_stm32f1.a(usart_common_f124.o)
                0x000000000800430e                usart_send
 .text.usart_recv
                0x0000000008004316        0x8 libopencm3/lib/libopencm3_stm32f1.a(usart_common_f124.o)
                0x0000000008004316                usart_recv
 .text.usart_wait_send_ready
                0x000000000800431e        0x8 libopencm3/lib/libopencm3_stm32f1.a(usart_common_f124.o)
                0x000000000800431e                usart_wait_send_ready
 .text.usart_get_flag
                0x0000000008004326        0xc libopencm3/lib/libopencm3_stm32f1.a(usart_common_f124.o)
                0x0000000008004326                usart_get_flag
 .text.blocking_handler
                0x0000000008004332        0x2 libopencm3/lib/libopencm3_stm32f1.a(vector.o)
                0x0000000008004332                usart3_isr
                0x0000000008004332                rtc_isr
                0x0000000008004332                tim7_isr
                0x0000000008004332                adc1_2_isr
                0x0000000008004332                tim1_trg_com_isr
                0x0000000008004332                tim6_isr
                0x0000000008004332                usb_wakeup_isr
                0x0000000008004332                blocking_handler
                0x0000000008004332                tim5_isr
                0x0000000008004332                otg_fs_isr
                0x0000000008004332                spi1_isr
                0x0000000008004332                exti2_isr
                0x0000000008004332                dma1_channel6_isr
                0x0000000008004332                dma1_channel5_isr
                0x0000000008004332                dma2_channel5_isr
                0x0000000008004332                usart1_isr
                0x0000000008004332                usage_fault_handler
                0x0000000008004332                tim8_trg_com_isr
                0x0000000008004332                tim1_brk_isr
                0x0000000008004332                tim1_cc_isr
                0x0000000008004332                sdio_isr
                0x0000000008004332                eth_isr
                0x0000000008004332                dma1_channel4_isr
                0x0000000008004332                tim8_brk_isr
                0x0000000008004332                dma2_channel4_5_isr
                0x0000000008004332                pvd_isr
                0x0000000008004332                rcc_isr
                0x0000000008004332                flash_isr
                0x0000000008004332                uart4_isr
                0x0000000008004332                rtc_alarm_isr
                0x0000000008004332                exti15_10_isr
                0x0000000008004332                hard_fault_handler
                0x0000000008004332                exti1_isr
                0x0000000008004332                i2c1_ev_isr
                0x0000000008004332                dma2_channel1_isr
                0x0000000008004332                spi2_isr
                0x0000000008004332                tim8_up_isr
                0x0000000008004332                dma2_channel2_isr
                0x0000000008004332                exti3_isr
                0x0000000008004332                adc3_isr
                0x0000000008004332                usart2_isr
                0x0000000008004332                i2c2_er_isr
                0x0000000008004332                i2c2_ev_isr
                0x0000000008004332                uart5_isr
                0x0000000008004332                fsmc_isr
                0x0000000008004332                dma1_channel1_isr
                0x0000000008004332                exti4_isr
                0x0000000008004332                mem_manage_handler
                0x0000000008004332                exti9_5_isr
                0x0000000008004332                dma2_channel3_isr
                0x0000000008004332                dma1_channel7_isr
                0x0000000008004332                tim1_up_isr
                0x0000000008004332                can2_sce_isr
                0x0000000008004332                tim4_isr
                0x0000000008004332                dma1_channel2_isr
                0x0000000008004332                i2c1_er_isr
                0x0000000008004332                can_sce_isr
                0x0000000008004332                tim8_cc_isr
                0x0000000008004332                tamper_isr
                0x0000000008004332                eth_wkup_isr
                0x0000000008004332                bus_fault_handler
                0x0000000008004332                wwdg_isr
                0x0000000008004332                dma1_channel3_isr
                0x0000000008004332                spi3_isr
                0x0000000008004332                tim2_isr
                0x0000000008004332                exti0_isr
 .text.null_handler
                0x0000000008004334        0x2 libopencm3/lib/libopencm3_stm32f1.a(vector.o)
                0x0000000008004334                null_handler
                0x0000000008004334                sv_call_handler
                0x0000000008004334                pend_sv_handler
                0x0000000008004334                debug_monitor_handler
                0x0000000008004334                sys_tick_handler
                0x0000000008004334                nmi_handler
 *fill*         0x0000000008004336        0x2 
 .text.reset_handler
                0x0000000008004338       0x94 libopencm3/lib/libopencm3_stm32f1.a(vector.o)
                0x0000000008004338                reset_handler
 .text.scb_reset_system
                0x00000000080043cc       0x10 libopencm3/lib/libopencm3_stm32f1.a(scb.o)
                0x00000000080043cc                scb_reset_system
 .text.nvic_enable_irq
                0x00000000080043dc       0x1a libopencm3/lib/libopencm3_stm32f1.a(nvic.o)
                0x00000000080043dc                nvic_enable_irq
 *fill*         0x00000000080043f6        0x2 
 .text.nvic_set_priority
                0x00000000080043f8       0x20 libopencm3/lib/libopencm3_stm32f1.a(nvic.o)
                0x00000000080043f8                nvic_set_priority
 .text.desig_get_flash_size
                0x0000000008004418        0xc libopencm3/lib/libopencm3_stm32f1.a(desig_common_v1.o)
                0x0000000008004418                desig_get_flash_size
 .text.pwr_disable_backup_domain_write_protect
                0x0000000008004424       0x10 libopencm3/lib/libopencm3_stm32f1.a(pwr_common_v1.o)
                0x0000000008004424                pwr_disable_backup_domain_write_protect
                0x0000000008004434                . = ALIGN (0x4)
 *(.rodata*)
 .rodata._ZN14Stm32Scheduler5ocMapE
                0x0000000008004434        0x4 obj/stm32scheduler.o
                0x0000000008004434                Stm32Scheduler::ocMap
 .rodata.str1.1
                0x0000000008004438       0xb7 obj/params.o
 .rodata.term_Run.str1.1
                0x00000000080044ef       0x1b obj/terminal.o
 *fill*         0x000000000800450a        0x2 
 .rodata.TermCmds
                0x000000000800450c       0x78 obj/terminal_prj.o
                0x000000000800450c                TermCmds
 .rodata._ZL11ParamStreamPc.str1.1
                0x0000000008004584       0x24 obj/terminal_prj.o
                                         0x29 (size before relaxing)
 .rodata._ZL11PrintCanMapN5Param9PARAM_NUMEiiilb.str1.1
                0x00000000080045a8       0x1e obj/terminal_prj.o
 .rodata._ZL11PrintSerialPc.str1.1
                0x00000000080045c6        0x9 obj/terminal_prj.o
 .rodata._ZL12LoadDefaultsPc.str1.1
                0x00000000080045cf       0x12 obj/terminal_prj.o
 .rodata._ZL14LoadParametersPc.str1.1
                0x00000000080045e1       0x2a obj/terminal_prj.o
 .rodata._ZL14SaveParametersPc.str1.1
                0x000000000800460b       0x2c obj/terminal_prj.o
 .rodata._ZL15PrintParamsJsonPc.str1.1
                0x0000000008004637       0xd9 obj/terminal_prj.o
 .rodata._ZL6MapCanPc.str1.1
                0x0000000008004710      0x108 obj/terminal_prj.o
                                        0x10b (size before relaxing)
 .rodata._ZL8FastUartPc.str1.1
                0x0000000008004818       0x13 obj/terminal_prj.o
                                         0x18 (size before relaxing)
 .rodata._ZL8ParamGetPc.str1.1
                0x000000000800482b       0x1f obj/terminal_prj.o
 .rodata._ZL8ParamSetPc.str1.1
                0x000000000800484a       0x39 obj/terminal_prj.o
 .rodata._ZL9ParamFlagPc.str1.1
                0x0000000008004883       0x4e obj/terminal_prj.o
 .rodata.str1.1
                0x00000000080048d1       0x49 obj/terminal_prj.o
                                         0x52 (size before relaxing)
 .rodata.CSWTCH.1
                0x000000000800491a        0x4 obj/digio.o
 .rodata.CSWTCH.2
                0x000000000800491e        0x4 obj/digio.o
 .rodata.CSWTCH.3
                0x0000000008004922        0x4 obj/digio.o
 .rodata.print.str1.1
                0x0000000008004926        0x7 obj/printf.o
 *fill*         0x000000000800492d        0x3 
 .rodata._ZL16errorDescriptors
                0x0000000008004930       0x10 obj/errormessage.o
 .rodata._ZL5types
                0x0000000008004940        0xc obj/errormessage.o
 .rodata._ZN12ErrorMessage10PrintErrorEm17ERROR_MESSAGE_NUM.str1.1
                0x000000000800494c       0x10 obj/errormessage.o
 .rodata._ZN12ErrorMessage14PrintAllErrorsEv.str1.1
                0x000000000800495c        0xc obj/errormessage.o
 .rodata.str1.1
                0x0000000008004968       0x30 obj/errormessage.o
                                         0x31 (size before relaxing)
 .rodata._ZL8canSpeed
                0x0000000008004998       0x30 obj/stm32_can.o
                0x00000000080049c8                . = ALIGN (0x4)

.glue_7         0x00000000080049c8        0x0
 .glue_7        0x00000000080049c8        0x0 linker stubs

.glue_7t        0x00000000080049c8        0x0
 .glue_7t       0x00000000080049c8        0x0 linker stubs

.vfp11_veneer   0x00000000080049c8        0x0
 .vfp11_veneer  0x00000000080049c8        0x0 linker stubs

.v4_bx          0x00000000080049c8        0x0
 .v4_bx         0x00000000080049c8        0x0 linker stubs

.iplt           0x00000000080049c8        0x0
 .iplt          0x00000000080049c8        0x0 obj/main.o

.rel.dyn        0x00000000080049c8        0x0
 .rel.iplt      0x00000000080049c8        0x0 obj/main.o

.preinit_array  0x00000000080049c8        0x0
                0x00000000080049c8                . = ALIGN (0x4)
                0x00000000080049c8                __preinit_array_start = .
 *(.preinit_array)
                0x00000000080049c8                __preinit_array_end = .

.init_array     0x00000000080049c8        0xc
                0x00000000080049c8                . = ALIGN (0x4)
                0x00000000080049c8                __init_array_start = .
 *(SORT(.init_array.*))
 *(.init_array)
 .init_array    0x00000000080049c8        0x4 obj/params.o
 .init_array    0x00000000080049cc        0x4 obj/sine_core.o
 .init_array    0x00000000080049d0        0x4 obj/anain.o
                0x00000000080049d4                __init_array_end = .

.fini_array     0x00000000080049d4        0x0
                0x00000000080049d4                . = ALIGN (0x4)
                0x00000000080049d4                __fini_array_start = .
 *(.fini_array)
 *(SORT(.fini_array.*))
                0x00000000080049d4                __fini_array_end = .

.ARM.extab
 *(.ARM.extab*)

.ARM.exidx      0x00000000080049d4        0x0
                0x00000000080049d4                __exidx_start = .
 *(.ARM.exidx*)
                0x00000000080049d4                __exidx_end = .
                0x00000000080049d4                . = ALIGN (0x4)
                0x00000000080049d4                _etext = .

.data           0x0000000020000000      0x154 load address 0x00000000080049d4
                0x0000000020000000                _data = .
 *(.data*)
 .data._ZN5ParamL6valuesE
                0x0000000020000000       0x24 obj/params.o
 .data._ZN5ParamL7attribsE
                0x0000000020000024       0xfc obj/params.o
 .data.first.3925
                0x0000000020000120        0x4 obj/terminal.o
 .data.errorBuffer
                0x0000000020000124       0x20 obj/errormessage.o
                0x0000000020000124                errorBuffer
 .data.errorListString
                0x0000000020000144        0x4 obj/errormessage.o
                0x0000000020000144                errorListString
 .data.rcc_ahb_frequency
                0x0000000020000148        0x4 libopencm3/lib/libopencm3_stm32f1.a(rcc.o)
                0x0000000020000148                rcc_ahb_frequency
 .data.rcc_apb1_frequency
                0x000000002000014c        0x4 libopencm3/lib/libopencm3_stm32f1.a(rcc.o)
                0x000000002000014c                rcc_apb1_frequency
 .data.rcc_apb2_frequency
                0x0000000020000150        0x4 libopencm3/lib/libopencm3_stm32f1.a(rcc.o)
                0x0000000020000150                rcc_apb2_frequency
                0x0000000020000154                . = ALIGN (0x4)
                0x0000000020000154                _edata = .
                0x00000000080049d4                _data_loadaddr = LOADADDR (.data)

.igot.plt       0x0000000020000154        0x0 load address 0x0000000008004b28
 .igot.plt      0x0000000020000154        0x0 obj/main.o

.bss            0x0000000020000154      0x1e8 load address 0x0000000008004b28
 *(.bss*)
 .bss._ZL3can   0x0000000020000154        0x4 obj/main.o
 .bss._ZL4can2  0x0000000020000158        0x4 obj/main.o
 .bss._ZL9scheduler
                0x000000002000015c        0x4 obj/main.o
 .bss._ZN5ParamL5flagsE
                0x0000000020000160        0x9 obj/params.o
 *fill*         0x0000000020000169        0x3 
 .bss.curBuf.3924
                0x000000002000016c        0x4 obj/terminal.o
 .bss.curIdx.3923
                0x0000000020000170        0x4 obj/terminal.o
 .bss.inBuf     0x0000000020000174       0x80 obj/terminal.o
 .bss.outBuf    0x00000000200001f4      0x100 obj/terminal.o
 .bss._ZN5DigIo7led_outE
                0x00000000200002f4        0x8 obj/digio.o
                0x00000000200002f4                DigIo::led_out
 .bss._ZN5DigIo7test_inE
                0x00000000200002fc        0x8 obj/digio.o
                0x00000000200002fc                DigIo::test_in
 .bss._ZN8SineCore11ZERO_OFFSETE
                0x0000000020000304        0x2 obj/sine_core.o
                0x0000000020000304                SineCore::ZERO_OFFSET
 .bss._ZN5AnaIn13channel_arrayE
                0x0000000020000306        0x1 obj/anain.o
                0x0000000020000306                AnaIn::channel_array
 *fill*         0x0000000020000307        0x1 
 .bss._ZN5AnaIn4testE
                0x0000000020000308        0x4 obj/anain.o
                0x0000000020000308                AnaIn::test
 .bss._ZN5AnaIn6valuesE
                0x000000002000030c       0x18 obj/anain.o
                0x000000002000030c                AnaIn::values
 .bss._ZN12ErrorMessage13currentBufIdxE
                0x0000000020000324        0x4 obj/errormessage.o
                0x0000000020000324                ErrorMessage::currentBufIdx
 .bss._ZN12ErrorMessage6postedE
                0x0000000020000328        0x2 obj/errormessage.o
                0x0000000020000328                ErrorMessage::posted
 *fill*         0x000000002000032a        0x2 
 .bss._ZN12ErrorMessage8timeTickE
                0x000000002000032c        0x4 obj/errormessage.o
                0x000000002000032c                ErrorMessage::timeTick
 .bss._ZN12ErrorMessage9lastErrorE
                0x0000000020000330        0x1 obj/errormessage.o
                0x0000000020000330                ErrorMessage::lastError
 *fill*         0x0000000020000331        0x3 
 .bss._ZN3Can10interfacesE
                0x0000000020000334        0x8 obj/stm32_can.o
                0x0000000020000334                Can::interfaces
 *(COMMON)
                0x000000002000033c                . = ALIGN (0x4)
                0x000000002000033c                _ebss = .

/DISCARD/
 *(.eh_frame)
                0x000000002000033c                . = ALIGN (0x4)
                0x000000002000033c                end = .
                0x0000000020005000                PROVIDE (_stack, (ORIGIN (ram) + LENGTH (ram)))
OUTPUT(stm32_can_test_fail elf32-littlearm)

.comment        0x0000000000000000       0x31
 .comment       0x0000000000000000       0x31 obj/main.o
                                         0x32 (size before relaxing)
 .comment       0x0000000000000031       0x32 obj/hwinit.o
 .comment       0x0000000000000031       0x32 obj/stm32scheduler.o
 .comment       0x0000000000000031       0x32 obj/params.o
 .comment       0x0000000000000031       0x32 obj/terminal.o
 .comment       0x0000000000000031       0x32 obj/terminal_prj.o
 .comment       0x0000000000000031       0x32 obj/my_string.o
 .comment       0x0000000000000031       0x32 obj/digio.o
 .comment       0x0000000000000031       0x32 obj/sine_core.o
 .comment       0x0000000000000031       0x32 obj/my_fp.o
 .comment       0x0000000000000031       0x32 obj/printf.o
 .comment       0x0000000000000031       0x32 obj/anain.o
 .comment       0x0000000000000031       0x32 obj/param_save.o
 .comment       0x0000000000000031       0x32 obj/errormessage.o
 .comment       0x0000000000000031       0x32 obj/stm32_can.o
 .comment       0x0000000000000031       0x32 libopencm3/lib/libopencm3_stm32f1.a(adc.o)
 .comment       0x0000000000000031       0x32 libopencm3/lib/libopencm3_stm32f1.a(adc_common_v1.o)
 .comment       0x0000000000000031       0x32 libopencm3/lib/libopencm3_stm32f1.a(can.o)
 .comment       0x0000000000000031       0x32 libopencm3/lib/libopencm3_stm32f1.a(crc_common_all.o)
 .comment       0x0000000000000031       0x32 libopencm3/lib/libopencm3_stm32f1.a(dma_common_l1f013.o)
 .comment       0x0000000000000031       0x32 libopencm3/lib/libopencm3_stm32f1.a(flash.o)
 .comment       0x0000000000000031       0x32 libopencm3/lib/libopencm3_stm32f1.a(flash_common_all.o)
 .comment       0x0000000000000031       0x32 libopencm3/lib/libopencm3_stm32f1.a(flash_common_f.o)
 .comment       0x0000000000000031       0x32 libopencm3/lib/libopencm3_stm32f1.a(flash_common_f01.o)
 .comment       0x0000000000000031       0x32 libopencm3/lib/libopencm3_stm32f1.a(gpio.o)
 .comment       0x0000000000000031       0x32 libopencm3/lib/libopencm3_stm32f1.a(gpio_common_all.o)
 .comment       0x0000000000000031       0x32 libopencm3/lib/libopencm3_stm32f1.a(iwdg_common_all.o)
 .comment       0x0000000000000031       0x32 libopencm3/lib/libopencm3_stm32f1.a(rcc.o)
 .comment       0x0000000000000031       0x32 libopencm3/lib/libopencm3_stm32f1.a(rcc_common_all.o)
 .comment       0x0000000000000031       0x32 libopencm3/lib/libopencm3_stm32f1.a(rtc.o)
 .comment       0x0000000000000031       0x32 libopencm3/lib/libopencm3_stm32f1.a(timer_common_all.o)
 .comment       0x0000000000000031       0x32 libopencm3/lib/libopencm3_stm32f1.a(usart_common_all.o)
 .comment       0x0000000000000031       0x32 libopencm3/lib/libopencm3_stm32f1.a(usart_common_f124.o)
 .comment       0x0000000000000031       0x32 libopencm3/lib/libopencm3_stm32f1.a(vector.o)
 .comment       0x0000000000000031       0x32 libopencm3/lib/libopencm3_stm32f1.a(scb.o)
 .comment       0x0000000000000031       0x32 libopencm3/lib/libopencm3_stm32f1.a(nvic.o)
 .comment       0x0000000000000031       0x32 libopencm3/lib/libopencm3_stm32f1.a(desig_common_v1.o)
 .comment       0x0000000000000031       0x32 libopencm3/lib/libopencm3_stm32f1.a(pwr_common_v1.o)

.ARM.attributes
                0x0000000000000000       0x33
 .ARM.attributes
                0x0000000000000000       0x33 obj/main.o
 .ARM.attributes
                0x0000000000000033       0x33 obj/hwinit.o
 .ARM.attributes
                0x0000000000000066       0x33 obj/stm32scheduler.o
 .ARM.attributes
                0x0000000000000099       0x33 obj/params.o
 .ARM.attributes
                0x00000000000000cc       0x33 obj/terminal.o
 .ARM.attributes
                0x00000000000000ff       0x33 obj/terminal_prj.o
 .ARM.attributes
                0x0000000000000132       0x33 obj/my_string.o
 .ARM.attributes
                0x0000000000000165       0x33 obj/digio.o
 .ARM.attributes
                0x0000000000000198       0x33 obj/sine_core.o
 .ARM.attributes
                0x00000000000001cb       0x33 obj/my_fp.o
 .ARM.attributes
                0x00000000000001fe       0x33 obj/printf.o
 .ARM.attributes
                0x0000000000000231       0x33 obj/anain.o
 .ARM.attributes
                0x0000000000000264       0x33 obj/param_save.o
 .ARM.attributes
                0x0000000000000297       0x33 obj/errormessage.o
 .ARM.attributes
                0x00000000000002ca       0x33 obj/stm32_can.o
 .ARM.attributes
                0x00000000000002fd       0x33 libopencm3/lib/libopencm3_stm32f1.a(adc.o)
 .ARM.attributes
                0x0000000000000330       0x33 libopencm3/lib/libopencm3_stm32f1.a(adc_common_v1.o)
 .ARM.attributes
                0x0000000000000363       0x33 libopencm3/lib/libopencm3_stm32f1.a(can.o)
 .ARM.attributes
                0x0000000000000396       0x33 libopencm3/lib/libopencm3_stm32f1.a(crc_common_all.o)
 .ARM.attributes
                0x00000000000003c9       0x33 libopencm3/lib/libopencm3_stm32f1.a(dma_common_l1f013.o)
 .ARM.attributes
                0x00000000000003fc       0x33 libopencm3/lib/libopencm3_stm32f1.a(flash.o)
 .ARM.attributes
                0x000000000000042f       0x33 libopencm3/lib/libopencm3_stm32f1.a(flash_common_all.o)
 .ARM.attributes
                0x0000000000000462       0x33 libopencm3/lib/libopencm3_stm32f1.a(flash_common_f.o)
 .ARM.attributes
                0x0000000000000495       0x33 libopencm3/lib/libopencm3_stm32f1.a(flash_common_f01.o)
 .ARM.attributes
                0x00000000000004c8       0x33 libopencm3/lib/libopencm3_stm32f1.a(gpio.o)
 .ARM.attributes
                0x00000000000004fb       0x33 libopencm3/lib/libopencm3_stm32f1.a(gpio_common_all.o)
 .ARM.attributes
                0x000000000000052e       0x33 libopencm3/lib/libopencm3_stm32f1.a(iwdg_common_all.o)
 .ARM.attributes
                0x0000000000000561       0x33 libopencm3/lib/libopencm3_stm32f1.a(rcc.o)
 .ARM.attributes
                0x0000000000000594       0x33 libopencm3/lib/libopencm3_stm32f1.a(rcc_common_all.o)
 .ARM.attributes
                0x00000000000005c7       0x33 libopencm3/lib/libopencm3_stm32f1.a(rtc.o)
 .ARM.attributes
                0x00000000000005fa       0x33 libopencm3/lib/libopencm3_stm32f1.a(timer_common_all.o)
 .ARM.attributes
                0x000000000000062d       0x33 libopencm3/lib/libopencm3_stm32f1.a(usart_common_all.o)
 .ARM.attributes
                0x0000000000000660       0x33 libopencm3/lib/libopencm3_stm32f1.a(usart_common_f124.o)
 .ARM.attributes
                0x0000000000000693       0x33 libopencm3/lib/libopencm3_stm32f1.a(vector.o)
 .ARM.attributes
                0x00000000000006c6       0x33 libopencm3/lib/libopencm3_stm32f1.a(scb.o)
 .ARM.attributes
                0x00000000000006f9       0x33 libopencm3/lib/libopencm3_stm32f1.a(nvic.o)
 .ARM.attributes
                0x000000000000072c       0x33 libopencm3/lib/libopencm3_stm32f1.a(desig_common_v1.o)
 .ARM.attributes
                0x000000000000075f       0x33 libopencm3/lib/libopencm3_stm32f1.a(pwr_common_v1.o)

.debug_info     0x0000000000000000     0x6e8c
 .debug_info    0x0000000000000000      0x383 libopencm3/lib/libopencm3_stm32f1.a(adc.o)
 .debug_info    0x0000000000000383      0x84c libopencm3/lib/libopencm3_stm32f1.a(adc_common_v1.o)
 .debug_info    0x0000000000000bcf      0xa51 libopencm3/lib/libopencm3_stm32f1.a(can.o)
 .debug_info    0x0000000000001620      0x109 libopencm3/lib/libopencm3_stm32f1.a(crc_common_all.o)
 .debug_info    0x0000000000001729      0x6b8 libopencm3/lib/libopencm3_stm32f1.a(dma_common_l1f013.o)
 .debug_info    0x0000000000001de1      0x2ee libopencm3/lib/libopencm3_stm32f1.a(flash.o)
 .debug_info    0x00000000000020cf       0xec libopencm3/lib/libopencm3_stm32f1.a(flash_common_all.o)
 .debug_info    0x00000000000021bb       0xb9 libopencm3/lib/libopencm3_stm32f1.a(flash_common_f.o)
 .debug_info    0x0000000000002274      0x1e8 libopencm3/lib/libopencm3_stm32f1.a(flash_common_f01.o)
 .debug_info    0x000000000000245c      0x1dd libopencm3/lib/libopencm3_stm32f1.a(gpio.o)
 .debug_info    0x0000000000002639      0x22c libopencm3/lib/libopencm3_stm32f1.a(gpio_common_all.o)
 .debug_info    0x0000000000002865      0x155 libopencm3/lib/libopencm3_stm32f1.a(iwdg_common_all.o)
 .debug_info    0x00000000000029ba     0x114b libopencm3/lib/libopencm3_stm32f1.a(rcc.o)
 .debug_info    0x0000000000003b05      0x5f2 libopencm3/lib/libopencm3_stm32f1.a(rcc_common_all.o)
 .debug_info    0x00000000000040f7      0x6d6 libopencm3/lib/libopencm3_stm32f1.a(rtc.o)
 .debug_info    0x00000000000047cd     0x103a libopencm3/lib/libopencm3_stm32f1.a(timer_common_all.o)
 .debug_info    0x0000000000005807      0x4c0 libopencm3/lib/libopencm3_stm32f1.a(usart_common_all.o)
 .debug_info    0x0000000000005cc7      0x19a libopencm3/lib/libopencm3_stm32f1.a(usart_common_f124.o)
 .debug_info    0x0000000000005e61      0x2af libopencm3/lib/libopencm3_stm32f1.a(vector.o)
 .debug_info    0x0000000000006110      0x8e0 libopencm3/lib/libopencm3_stm32f1.a(scb.o)
 .debug_info    0x00000000000069f0      0x214 libopencm3/lib/libopencm3_stm32f1.a(nvic.o)
 .debug_info    0x0000000000006c04       0xdc libopencm3/lib/libopencm3_stm32f1.a(desig_common_v1.o)
 .debug_info    0x0000000000006ce0      0x1ac libopencm3/lib/libopencm3_stm32f1.a(pwr_common_v1.o)

.debug_abbrev   0x0000000000000000     0x193f
 .debug_abbrev  0x0000000000000000      0x165 libopencm3/lib/libopencm3_stm32f1.a(adc.o)
 .debug_abbrev  0x0000000000000165      0x142 libopencm3/lib/libopencm3_stm32f1.a(adc_common_v1.o)
 .debug_abbrev  0x00000000000002a7      0x265 libopencm3/lib/libopencm3_stm32f1.a(can.o)
 .debug_abbrev  0x000000000000050c       0xa4 libopencm3/lib/libopencm3_stm32f1.a(crc_common_all.o)
 .debug_abbrev  0x00000000000005b0      0x145 libopencm3/lib/libopencm3_stm32f1.a(dma_common_l1f013.o)
 .debug_abbrev  0x00000000000006f5      0x10d libopencm3/lib/libopencm3_stm32f1.a(flash.o)
 .debug_abbrev  0x0000000000000802       0x8a libopencm3/lib/libopencm3_stm32f1.a(flash_common_all.o)
 .debug_abbrev  0x000000000000088c       0x52 libopencm3/lib/libopencm3_stm32f1.a(flash_common_f.o)
 .debug_abbrev  0x00000000000008de       0xbe libopencm3/lib/libopencm3_stm32f1.a(flash_common_f01.o)
 .debug_abbrev  0x000000000000099c       0xb7 libopencm3/lib/libopencm3_stm32f1.a(gpio.o)
 .debug_abbrev  0x0000000000000a53       0xf4 libopencm3/lib/libopencm3_stm32f1.a(gpio_common_all.o)
 .debug_abbrev  0x0000000000000b47       0xc5 libopencm3/lib/libopencm3_stm32f1.a(iwdg_common_all.o)
 .debug_abbrev  0x0000000000000c0c      0x27f libopencm3/lib/libopencm3_stm32f1.a(rcc.o)
 .debug_abbrev  0x0000000000000e8b      0x137 libopencm3/lib/libopencm3_stm32f1.a(rcc_common_all.o)
 .debug_abbrev  0x0000000000000fc2      0x194 libopencm3/lib/libopencm3_stm32f1.a(rtc.o)
 .debug_abbrev  0x0000000000001156      0x17f libopencm3/lib/libopencm3_stm32f1.a(timer_common_all.o)
 .debug_abbrev  0x00000000000012d5      0x10f libopencm3/lib/libopencm3_stm32f1.a(usart_common_all.o)
 .debug_abbrev  0x00000000000013e4       0xb7 libopencm3/lib/libopencm3_stm32f1.a(usart_common_f124.o)
 .debug_abbrev  0x000000000000149b      0x127 libopencm3/lib/libopencm3_stm32f1.a(vector.o)
 .debug_abbrev  0x00000000000015c2      0x1bc libopencm3/lib/libopencm3_stm32f1.a(scb.o)
 .debug_abbrev  0x000000000000177e       0xa6 libopencm3/lib/libopencm3_stm32f1.a(nvic.o)
 .debug_abbrev  0x0000000000001824       0x86 libopencm3/lib/libopencm3_stm32f1.a(desig_common_v1.o)
 .debug_abbrev  0x00000000000018aa       0x95 libopencm3/lib/libopencm3_stm32f1.a(pwr_common_v1.o)

.debug_loc      0x0000000000000000     0x2bf9
 .debug_loc     0x0000000000000000      0x17f libopencm3/lib/libopencm3_stm32f1.a(adc.o)
 .debug_loc     0x000000000000017f      0x3d2 libopencm3/lib/libopencm3_stm32f1.a(adc_common_v1.o)
 .debug_loc     0x0000000000000551      0xa04 libopencm3/lib/libopencm3_stm32f1.a(can.o)
 .debug_loc     0x0000000000000f55       0x6a libopencm3/lib/libopencm3_stm32f1.a(crc_common_all.o)
 .debug_loc     0x0000000000000fbf      0x705 libopencm3/lib/libopencm3_stm32f1.a(dma_common_l1f013.o)
 .debug_loc     0x00000000000016c4       0x80 libopencm3/lib/libopencm3_stm32f1.a(flash.o)
 .debug_loc     0x0000000000001744       0x3f libopencm3/lib/libopencm3_stm32f1.a(flash_common_all.o)
 .debug_loc     0x0000000000001783       0xb2 libopencm3/lib/libopencm3_stm32f1.a(flash_common_f01.o)
 .debug_loc     0x0000000000001835      0x172 libopencm3/lib/libopencm3_stm32f1.a(gpio.o)
 .debug_loc     0x00000000000019a7       0x97 libopencm3/lib/libopencm3_stm32f1.a(gpio_common_all.o)
 .debug_loc     0x0000000000001a3e       0xd6 libopencm3/lib/libopencm3_stm32f1.a(iwdg_common_all.o)
 .debug_loc     0x0000000000001b14      0x480 libopencm3/lib/libopencm3_stm32f1.a(rcc.o)
 .debug_loc     0x0000000000001f94      0x108 libopencm3/lib/libopencm3_stm32f1.a(rcc_common_all.o)
 .debug_loc     0x000000000000209c      0x222 libopencm3/lib/libopencm3_stm32f1.a(rtc.o)
 .debug_loc     0x00000000000022be      0x48c libopencm3/lib/libopencm3_stm32f1.a(timer_common_all.o)
 .debug_loc     0x000000000000274a      0x1ca libopencm3/lib/libopencm3_stm32f1.a(usart_common_all.o)
 .debug_loc     0x0000000000002914       0x63 libopencm3/lib/libopencm3_stm32f1.a(usart_common_f124.o)
 .debug_loc     0x0000000000002977       0xea libopencm3/lib/libopencm3_stm32f1.a(vector.o)
 .debug_loc     0x0000000000002a61       0x21 libopencm3/lib/libopencm3_stm32f1.a(scb.o)
 .debug_loc     0x0000000000002a82      0x129 libopencm3/lib/libopencm3_stm32f1.a(nvic.o)
 .debug_loc     0x0000000000002bab       0x2d libopencm3/lib/libopencm3_stm32f1.a(desig_common_v1.o)
 .debug_loc     0x0000000000002bd8       0x21 libopencm3/lib/libopencm3_stm32f1.a(pwr_common_v1.o)

.debug_aranges  0x0000000000000000      0xcc0
 .debug_aranges
                0x0000000000000000       0x98 libopencm3/lib/libopencm3_stm32f1.a(adc.o)
 .debug_aranges
                0x0000000000000098      0x158 libopencm3/lib/libopencm3_stm32f1.a(adc_common_v1.o)
 .debug_aranges
                0x00000000000001f0       0x88 libopencm3/lib/libopencm3_stm32f1.a(can.o)
 .debug_aranges
                0x0000000000000278       0x30 libopencm3/lib/libopencm3_stm32f1.a(crc_common_all.o)
 .debug_aranges
                0x00000000000002a8       0xe8 libopencm3/lib/libopencm3_stm32f1.a(dma_common_l1f013.o)
 .debug_aranges
                0x0000000000000390       0x78 libopencm3/lib/libopencm3_stm32f1.a(flash.o)
 .debug_aranges
                0x0000000000000408       0x38 libopencm3/lib/libopencm3_stm32f1.a(flash_common_all.o)
 .debug_aranges
                0x0000000000000440       0x30 libopencm3/lib/libopencm3_stm32f1.a(flash_common_f.o)
 .debug_aranges
                0x0000000000000470       0x48 libopencm3/lib/libopencm3_stm32f1.a(flash_common_f01.o)
 .debug_aranges
                0x00000000000004b8       0x38 libopencm3/lib/libopencm3_stm32f1.a(gpio.o)
 .debug_aranges
                0x00000000000004f0       0x50 libopencm3/lib/libopencm3_stm32f1.a(gpio_common_all.o)
 .debug_aranges
                0x0000000000000540       0x40 libopencm3/lib/libopencm3_stm32f1.a(iwdg_common_all.o)
 .debug_aranges
                0x0000000000000580      0x158 libopencm3/lib/libopencm3_stm32f1.a(rcc.o)
 .debug_aranges
                0x00000000000006d8       0x68 libopencm3/lib/libopencm3_stm32f1.a(rcc_common_all.o)
 .debug_aranges
                0x0000000000000740       0xa0 libopencm3/lib/libopencm3_stm32f1.a(rtc.o)
 .debug_aranges
                0x00000000000007e0      0x270 libopencm3/lib/libopencm3_stm32f1.a(timer_common_all.o)
 .debug_aranges
                0x0000000000000a50       0xb8 libopencm3/lib/libopencm3_stm32f1.a(usart_common_all.o)
 .debug_aranges
                0x0000000000000b08       0x40 libopencm3/lib/libopencm3_stm32f1.a(usart_common_f124.o)
 .debug_aranges
                0x0000000000000b48       0x30 libopencm3/lib/libopencm3_stm32f1.a(vector.o)
 .debug_aranges
                0x0000000000000b78       0x30 libopencm3/lib/libopencm3_stm32f1.a(scb.o)
 .debug_aranges
                0x0000000000000ba8       0x60 libopencm3/lib/libopencm3_stm32f1.a(nvic.o)
 .debug_aranges
                0x0000000000000c08       0x28 libopencm3/lib/libopencm3_stm32f1.a(desig_common_v1.o)
 .debug_aranges
                0x0000000000000c30       0x90 libopencm3/lib/libopencm3_stm32f1.a(pwr_common_v1.o)

.debug_ranges   0x0000000000000000      0xbb0
 .debug_ranges  0x0000000000000000       0x88 libopencm3/lib/libopencm3_stm32f1.a(adc.o)
 .debug_ranges  0x0000000000000088      0x148 libopencm3/lib/libopencm3_stm32f1.a(adc_common_v1.o)
 .debug_ranges  0x00000000000001d0       0x78 libopencm3/lib/libopencm3_stm32f1.a(can.o)
 .debug_ranges  0x0000000000000248       0x20 libopencm3/lib/libopencm3_stm32f1.a(crc_common_all.o)
 .debug_ranges  0x0000000000000268       0xd8 libopencm3/lib/libopencm3_stm32f1.a(dma_common_l1f013.o)
 .debug_ranges  0x0000000000000340       0x68 libopencm3/lib/libopencm3_stm32f1.a(flash.o)
 .debug_ranges  0x00000000000003a8       0x28 libopencm3/lib/libopencm3_stm32f1.a(flash_common_all.o)
 .debug_ranges  0x00000000000003d0       0x20 libopencm3/lib/libopencm3_stm32f1.a(flash_common_f.o)
 .debug_ranges  0x00000000000003f0       0x38 libopencm3/lib/libopencm3_stm32f1.a(flash_common_f01.o)
 .debug_ranges  0x0000000000000428       0x28 libopencm3/lib/libopencm3_stm32f1.a(gpio.o)
 .debug_ranges  0x0000000000000450       0x40 libopencm3/lib/libopencm3_stm32f1.a(gpio_common_all.o)
 .debug_ranges  0x0000000000000490       0x30 libopencm3/lib/libopencm3_stm32f1.a(iwdg_common_all.o)
 .debug_ranges  0x00000000000004c0      0x1a8 libopencm3/lib/libopencm3_stm32f1.a(rcc.o)
 .debug_ranges  0x0000000000000668       0x58 libopencm3/lib/libopencm3_stm32f1.a(rcc_common_all.o)
 .debug_ranges  0x00000000000006c0       0x90 libopencm3/lib/libopencm3_stm32f1.a(rtc.o)
 .debug_ranges  0x0000000000000750      0x260 libopencm3/lib/libopencm3_stm32f1.a(timer_common_all.o)
 .debug_ranges  0x00000000000009b0       0xa8 libopencm3/lib/libopencm3_stm32f1.a(usart_common_all.o)
 .debug_ranges  0x0000000000000a58       0x30 libopencm3/lib/libopencm3_stm32f1.a(usart_common_f124.o)
 .debug_ranges  0x0000000000000a88       0x20 libopencm3/lib/libopencm3_stm32f1.a(vector.o)
 .debug_ranges  0x0000000000000aa8       0x20 libopencm3/lib/libopencm3_stm32f1.a(scb.o)
 .debug_ranges  0x0000000000000ac8       0x50 libopencm3/lib/libopencm3_stm32f1.a(nvic.o)
 .debug_ranges  0x0000000000000b18       0x18 libopencm3/lib/libopencm3_stm32f1.a(desig_common_v1.o)
 .debug_ranges  0x0000000000000b30       0x80 libopencm3/lib/libopencm3_stm32f1.a(pwr_common_v1.o)

.debug_macro    0x0000000000000000     0x73f4
 .debug_macro   0x0000000000000000       0xb8 libopencm3/lib/libopencm3_stm32f1.a(adc.o)
 .debug_macro   0x00000000000000b8      0x8aa libopencm3/lib/libopencm3_stm32f1.a(adc.o)
 .debug_macro   0x0000000000000962       0x1c libopencm3/lib/libopencm3_stm32f1.a(adc.o)
 .debug_macro   0x000000000000097e       0x22 libopencm3/lib/libopencm3_stm32f1.a(adc.o)
 .debug_macro   0x00000000000009a0       0x4f libopencm3/lib/libopencm3_stm32f1.a(adc.o)
 .debug_macro   0x00000000000009ef       0x44 libopencm3/lib/libopencm3_stm32f1.a(adc.o)
 .debug_macro   0x0000000000000a33       0xfd libopencm3/lib/libopencm3_stm32f1.a(adc.o)
 .debug_macro   0x0000000000000b30       0x5e libopencm3/lib/libopencm3_stm32f1.a(adc.o)
 .debug_macro   0x0000000000000b8e      0x1df libopencm3/lib/libopencm3_stm32f1.a(adc.o)
 .debug_macro   0x0000000000000d6d       0x22 libopencm3/lib/libopencm3_stm32f1.a(adc.o)
 .debug_macro   0x0000000000000d8f       0xe8 libopencm3/lib/libopencm3_stm32f1.a(adc.o)
 .debug_macro   0x0000000000000e77       0x76 libopencm3/lib/libopencm3_stm32f1.a(adc.o)
 .debug_macro   0x0000000000000eed      0x1b4 libopencm3/lib/libopencm3_stm32f1.a(adc.o)
 .debug_macro   0x00000000000010a1      0x449 libopencm3/lib/libopencm3_stm32f1.a(adc.o)
 .debug_macro   0x00000000000014ea      0x456 libopencm3/lib/libopencm3_stm32f1.a(adc.o)
 .debug_macro   0x0000000000001940       0xb8 libopencm3/lib/libopencm3_stm32f1.a(adc_common_v1.o)
 .debug_macro   0x00000000000019f8       0xc9 libopencm3/lib/libopencm3_stm32f1.a(can.o)
 .debug_macro   0x0000000000001ac1      0x513 libopencm3/lib/libopencm3_stm32f1.a(can.o)
 .debug_macro   0x0000000000001fd4      0x82c libopencm3/lib/libopencm3_stm32f1.a(can.o)
 .debug_macro   0x0000000000002800       0xb3 libopencm3/lib/libopencm3_stm32f1.a(crc_common_all.o)
 .debug_macro   0x00000000000028b3       0x22 libopencm3/lib/libopencm3_stm32f1.a(crc_common_all.o)
 .debug_macro   0x00000000000028d5       0xb3 libopencm3/lib/libopencm3_stm32f1.a(dma_common_l1f013.o)
 .debug_macro   0x0000000000002988      0x4f5 libopencm3/lib/libopencm3_stm32f1.a(dma_common_l1f013.o)
 .debug_macro   0x0000000000002e7d       0xca libopencm3/lib/libopencm3_stm32f1.a(flash.o)
 .debug_macro   0x0000000000002f47       0xee libopencm3/lib/libopencm3_stm32f1.a(flash.o)
 .debug_macro   0x0000000000003035       0x82 libopencm3/lib/libopencm3_stm32f1.a(flash.o)
 .debug_macro   0x00000000000030b7       0xc0 libopencm3/lib/libopencm3_stm32f1.a(flash_common_all.o)
 .debug_macro   0x0000000000003177       0xc0 libopencm3/lib/libopencm3_stm32f1.a(flash_common_f.o)
 .debug_macro   0x0000000000003237       0xc0 libopencm3/lib/libopencm3_stm32f1.a(flash_common_f01.o)
 .debug_macro   0x00000000000032f7       0xb8 libopencm3/lib/libopencm3_stm32f1.a(gpio.o)
 .debug_macro   0x00000000000033af       0x76 libopencm3/lib/libopencm3_stm32f1.a(gpio.o)
 .debug_macro   0x0000000000003425      0xe04 libopencm3/lib/libopencm3_stm32f1.a(gpio.o)
 .debug_macro   0x0000000000004229       0xb8 libopencm3/lib/libopencm3_stm32f1.a(gpio_common_all.o)
 .debug_macro   0x00000000000042e1       0xc5 libopencm3/lib/libopencm3_stm32f1.a(iwdg_common_all.o)
 .debug_macro   0x00000000000043a6       0x70 libopencm3/lib/libopencm3_stm32f1.a(iwdg_common_all.o)
 .debug_macro   0x0000000000004416       0xe7 libopencm3/lib/libopencm3_stm32f1.a(rcc.o)
 .debug_macro   0x00000000000044fd       0x16 libopencm3/lib/libopencm3_stm32f1.a(rcc.o)
 .debug_macro   0x0000000000004513       0xce libopencm3/lib/libopencm3_stm32f1.a(rcc_common_all.o)
 .debug_macro   0x00000000000045e1       0xe6 libopencm3/lib/libopencm3_stm32f1.a(rtc.o)
 .debug_macro   0x00000000000046c7       0x8e libopencm3/lib/libopencm3_stm32f1.a(rtc.o)
 .debug_macro   0x0000000000004755       0x76 libopencm3/lib/libopencm3_stm32f1.a(rtc.o)
 .debug_macro   0x00000000000047cb       0xcb libopencm3/lib/libopencm3_stm32f1.a(timer_common_all.o)
 .debug_macro   0x0000000000004896      0xf9a libopencm3/lib/libopencm3_stm32f1.a(timer_common_all.o)
 .debug_macro   0x0000000000005830       0xda libopencm3/lib/libopencm3_stm32f1.a(usart_common_all.o)
 .debug_macro   0x000000000000590a       0x94 libopencm3/lib/libopencm3_stm32f1.a(usart_common_all.o)
 .debug_macro   0x000000000000599e      0x29e libopencm3/lib/libopencm3_stm32f1.a(usart_common_all.o)
 .debug_macro   0x0000000000005c3c       0xda libopencm3/lib/libopencm3_stm32f1.a(usart_common_f124.o)
 .debug_macro   0x0000000000005d16       0xcf libopencm3/lib/libopencm3_stm32f1.a(vector.o)
 .debug_macro   0x0000000000005de5      0x395 libopencm3/lib/libopencm3_stm32f1.a(vector.o)
 .debug_macro   0x000000000000617a       0x6e libopencm3/lib/libopencm3_stm32f1.a(vector.o)
 .debug_macro   0x00000000000061e8      0x1a2 libopencm3/lib/libopencm3_stm32f1.a(vector.o)
 .debug_macro   0x000000000000638a      0x148 libopencm3/lib/libopencm3_stm32f1.a(scb.o)
 .debug_macro   0x00000000000064d2       0x4c libopencm3/lib/libopencm3_stm32f1.a(scb.o)
 .debug_macro   0x000000000000651e       0x55 libopencm3/lib/libopencm3_stm32f1.a(scb.o)
 .debug_macro   0x0000000000006573       0x35 libopencm3/lib/libopencm3_stm32f1.a(scb.o)
 .debug_macro   0x00000000000065a8       0x9c libopencm3/lib/libopencm3_stm32f1.a(scb.o)
 .debug_macro   0x0000000000006644       0x16 libopencm3/lib/libopencm3_stm32f1.a(scb.o)
 .debug_macro   0x000000000000665a      0x10e libopencm3/lib/libopencm3_stm32f1.a(scb.o)
 .debug_macro   0x0000000000006768       0x86 libopencm3/lib/libopencm3_stm32f1.a(scb.o)
 .debug_macro   0x00000000000067ee       0x4a libopencm3/lib/libopencm3_stm32f1.a(scb.o)
 .debug_macro   0x0000000000006838       0x52 libopencm3/lib/libopencm3_stm32f1.a(scb.o)
 .debug_macro   0x000000000000688a       0x1f libopencm3/lib/libopencm3_stm32f1.a(scb.o)
 .debug_macro   0x00000000000068a9       0x43 libopencm3/lib/libopencm3_stm32f1.a(scb.o)
 .debug_macro   0x00000000000068ec       0x20 libopencm3/lib/libopencm3_stm32f1.a(scb.o)
 .debug_macro   0x000000000000690c      0x187 libopencm3/lib/libopencm3_stm32f1.a(scb.o)
 .debug_macro   0x0000000000006a93      0x330 libopencm3/lib/libopencm3_stm32f1.a(scb.o)
 .debug_macro   0x0000000000006dc3       0x22 libopencm3/lib/libopencm3_stm32f1.a(scb.o)
 .debug_macro   0x0000000000006de5       0xb3 libopencm3/lib/libopencm3_stm32f1.a(nvic.o)
 .debug_macro   0x0000000000006e98       0x68 libopencm3/lib/libopencm3_stm32f1.a(nvic.o)
 .debug_macro   0x0000000000006f00      0x39b libopencm3/lib/libopencm3_stm32f1.a(nvic.o)
 .debug_macro   0x000000000000729b       0xa6 libopencm3/lib/libopencm3_stm32f1.a(desig_common_v1.o)
 .debug_macro   0x0000000000007341       0xb3 libopencm3/lib/libopencm3_stm32f1.a(pwr_common_v1.o)

.debug_line     0x0000000000000000     0x4ccc
 .debug_line    0x0000000000000000      0x35e libopencm3/lib/libopencm3_stm32f1.a(adc.o)
 .debug_line    0x000000000000035e      0x50d libopencm3/lib/libopencm3_stm32f1.a(adc_common_v1.o)
 .debug_line    0x000000000000086b      0x3ee libopencm3/lib/libopencm3_stm32f1.a(can.o)
 .debug_line    0x0000000000000c59      0x25a libopencm3/lib/libopencm3_stm32f1.a(crc_common_all.o)
 .debug_line    0x0000000000000eb3      0x3e1 libopencm3/lib/libopencm3_stm32f1.a(dma_common_l1f013.o)
 .debug_line    0x0000000000001294      0x351 libopencm3/lib/libopencm3_stm32f1.a(flash.o)
 .debug_line    0x00000000000015e5      0x287 libopencm3/lib/libopencm3_stm32f1.a(flash_common_all.o)
 .debug_line    0x000000000000186c      0x272 libopencm3/lib/libopencm3_stm32f1.a(flash_common_f.o)
 .debug_line    0x0000000000001ade      0x2bf libopencm3/lib/libopencm3_stm32f1.a(flash_common_f01.o)
 .debug_line    0x0000000000001d9d      0x25f libopencm3/lib/libopencm3_stm32f1.a(gpio.o)
 .debug_line    0x0000000000001ffc      0x295 libopencm3/lib/libopencm3_stm32f1.a(gpio_common_all.o)
 .debug_line    0x0000000000002291      0x28c libopencm3/lib/libopencm3_stm32f1.a(iwdg_common_all.o)
 .debug_line    0x000000000000251d      0x634 libopencm3/lib/libopencm3_stm32f1.a(rcc.o)
 .debug_line    0x0000000000002b51      0x2c0 libopencm3/lib/libopencm3_stm32f1.a(rcc_common_all.o)
 .debug_line    0x0000000000002e11      0x3dd libopencm3/lib/libopencm3_stm32f1.a(rtc.o)
 .debug_line    0x00000000000031ee      0x833 libopencm3/lib/libopencm3_stm32f1.a(timer_common_all.o)
 .debug_line    0x0000000000003a21      0x3c3 libopencm3/lib/libopencm3_stm32f1.a(usart_common_all.o)
 .debug_line    0x0000000000003de4      0x2b6 libopencm3/lib/libopencm3_stm32f1.a(usart_common_f124.o)
 .debug_line    0x000000000000409a      0x2ad libopencm3/lib/libopencm3_stm32f1.a(vector.o)
 .debug_line    0x0000000000004347      0x216 libopencm3/lib/libopencm3_stm32f1.a(scb.o)
 .debug_line    0x000000000000455d      0x26f libopencm3/lib/libopencm3_stm32f1.a(nvic.o)
 .debug_line    0x00000000000047cc      0x1f0 libopencm3/lib/libopencm3_stm32f1.a(desig_common_v1.o)
 .debug_line    0x00000000000049bc      0x310 libopencm3/lib/libopencm3_stm32f1.a(pwr_common_v1.o)

.debug_str      0x0000000000000000    0x1d581
 .debug_str     0x0000000000000000     0x6991 libopencm3/lib/libopencm3_stm32f1.a(adc.o)
                                       0x6b3a (size before relaxing)
 .debug_str     0x0000000000006991      0x4d7 libopencm3/lib/libopencm3_stm32f1.a(adc_common_v1.o)
                                       0x6eaf (size before relaxing)
 .debug_str     0x0000000000006e68     0x3ff2 libopencm3/lib/libopencm3_stm32f1.a(can.o)
                                       0x848a (size before relaxing)
 .debug_str     0x000000000000ae5a       0xf0 libopencm3/lib/libopencm3_stm32f1.a(crc_common_all.o)
                                       0x4543 (size before relaxing)
 .debug_str     0x000000000000af4a     0x1f08 libopencm3/lib/libopencm3_stm32f1.a(dma_common_l1f013.o)
                                       0x63b2 (size before relaxing)
 .debug_str     0x000000000000ce52      0x973 libopencm3/lib/libopencm3_stm32f1.a(flash.o)
                                       0x4de3 (size before relaxing)
 .debug_str     0x000000000000d7c5       0x71 libopencm3/lib/libopencm3_stm32f1.a(flash_common_all.o)
                                       0x4c77 (size before relaxing)
 .debug_str     0x000000000000d836       0x33 libopencm3/lib/libopencm3_stm32f1.a(flash_common_f.o)
                                       0x4c48 (size before relaxing)
 .debug_str     0x000000000000d869       0x64 libopencm3/lib/libopencm3_stm32f1.a(flash_common_f01.o)
                                       0x4d1d (size before relaxing)
 .debug_str     0x000000000000d8cd     0x3830 libopencm3/lib/libopencm3_stm32f1.a(gpio.o)
                                       0x7cab (size before relaxing)
 .debug_str     0x00000000000110fd       0x7a libopencm3/lib/libopencm3_stm32f1.a(gpio_common_all.o)
                                       0x7c9f (size before relaxing)
 .debug_str     0x0000000000011177      0x274 libopencm3/lib/libopencm3_stm32f1.a(iwdg_common_all.o)
                                       0x46e2 (size before relaxing)
 .debug_str     0x00000000000113eb      0x4e8 libopencm3/lib/libopencm3_stm32f1.a(rcc.o)
                                       0x759e (size before relaxing)
 .debug_str     0x00000000000118d3      0x3b6 libopencm3/lib/libopencm3_stm32f1.a(rcc_common_all.o)
                                       0x6eb4 (size before relaxing)
 .debug_str     0x0000000000011c89      0x688 libopencm3/lib/libopencm3_stm32f1.a(rtc.o)
                                       0x7249 (size before relaxing)
 .debug_str     0x0000000000012311     0x4b66 libopencm3/lib/libopencm3_stm32f1.a(timer_common_all.o)
                                       0xb486 (size before relaxing)
 .debug_str     0x0000000000016e77     0x1183 libopencm3/lib/libopencm3_stm32f1.a(usart_common_all.o)
                                       0x7a73 (size before relaxing)
 .debug_str     0x0000000000017ffa       0x2d libopencm3/lib/libopencm3_stm32f1.a(usart_common_f124.o)
                                       0x78ad (size before relaxing)
 .debug_str     0x0000000000018027     0x2485 libopencm3/lib/libopencm3_stm32f1.a(vector.o)
                                       0x5d7d (size before relaxing)
 .debug_str     0x000000000001a4ac     0x2e41 libopencm3/lib/libopencm3_stm32f1.a(scb.o)
                                       0x7991 (size before relaxing)
 .debug_str     0x000000000001d2ed       0xd4 libopencm3/lib/libopencm3_stm32f1.a(nvic.o)
                                       0x5356 (size before relaxing)
 .debug_str     0x000000000001d3c1       0x30 libopencm3/lib/libopencm3_stm32f1.a(desig_common_v1.o)
                                       0x44bd (size before relaxing)
 .debug_str     0x000000000001d3f1      0x190 libopencm3/lib/libopencm3_stm32f1.a(pwr_common_v1.o)
                                       0x48cc (size before relaxing)

.debug_frame    0x0000000000000000     0x194c
 .debug_frame   0x0000000000000000      0x128 libopencm3/lib/libopencm3_stm32f1.a(adc.o)
 .debug_frame   0x0000000000000128      0x2b4 libopencm3/lib/libopencm3_stm32f1.a(adc_common_v1.o)
 .debug_frame   0x00000000000003dc      0x170 libopencm3/lib/libopencm3_stm32f1.a(can.o)
 .debug_frame   0x000000000000054c       0x48 libopencm3/lib/libopencm3_stm32f1.a(crc_common_all.o)
 .debug_frame   0x0000000000000594      0x1b0 libopencm3/lib/libopencm3_stm32f1.a(dma_common_l1f013.o)
 .debug_frame   0x0000000000000744      0x124 libopencm3/lib/libopencm3_stm32f1.a(flash.o)
 .debug_frame   0x0000000000000868       0x50 libopencm3/lib/libopencm3_stm32f1.a(flash_common_all.o)
 .debug_frame   0x00000000000008b8       0x40 libopencm3/lib/libopencm3_stm32f1.a(flash_common_f.o)
 .debug_frame   0x00000000000008f8       0xa0 libopencm3/lib/libopencm3_stm32f1.a(flash_common_f01.o)
 .debug_frame   0x0000000000000998       0x64 libopencm3/lib/libopencm3_stm32f1.a(gpio.o)
 .debug_frame   0x00000000000009fc       0x80 libopencm3/lib/libopencm3_stm32f1.a(gpio_common_all.o)
 .debug_frame   0x0000000000000a7c       0x68 libopencm3/lib/libopencm3_stm32f1.a(iwdg_common_all.o)
 .debug_frame   0x0000000000000ae4      0x2e0 libopencm3/lib/libopencm3_stm32f1.a(rcc.o)
 .debug_frame   0x0000000000000dc4       0xd0 libopencm3/lib/libopencm3_stm32f1.a(rcc_common_all.o)
 .debug_frame   0x0000000000000e94      0x1ac libopencm3/lib/libopencm3_stm32f1.a(rtc.o)
 .debug_frame   0x0000000000001040      0x4e0 libopencm3/lib/libopencm3_stm32f1.a(timer_common_all.o)
 .debug_frame   0x0000000000001520      0x170 libopencm3/lib/libopencm3_stm32f1.a(usart_common_all.o)
 .debug_frame   0x0000000000001690       0x60 libopencm3/lib/libopencm3_stm32f1.a(usart_common_f124.o)
 .debug_frame   0x00000000000016f0       0x4c libopencm3/lib/libopencm3_stm32f1.a(vector.o)
 .debug_frame   0x000000000000173c       0x40 libopencm3/lib/libopencm3_stm32f1.a(scb.o)
 .debug_frame   0x000000000000177c       0xa0 libopencm3/lib/libopencm3_stm32f1.a(nvic.o)
 .debug_frame   0x000000000000181c       0x30 libopencm3/lib/libopencm3_stm32f1.a(desig_common_v1.o)
 .debug_frame   0x000000000000184c      0x100 libopencm3/lib/libopencm3_stm32f1.a(pwr_common_v1.o)
